<html>
<body>
<pre>
<h1>µVision Build Log</h1>
<h2>Tool Versions:</h2>
IDE-Version: ¦ÌVision V5.38.0.0
Copyright (C) 2022 ARM Ltd and ARM Germany GmbH. All rights reserved.
License Information: 111 1540300148@qq.com, 1, LIC=KRMW3-A1XXI-30ENC-7NGQ2-9SM48-E4YFX
 
Tool Versions:
Toolchain:       MDK-ARM Plus  Version: 5.38.0.0
Toolchain Path:  E:\software_qrs\keil_core\ARM\ARMCC\Bin
C Compiler:      Armcc.exe V5.05 update 1 (build 106)
Assembler:       Armasm.exe V5.05 update 1 (build 106)
Linker/Locator:  ArmLink.exe V5.05 update 1 (build 106)
Library Manager: ArmAr.exe V5.05 update 1 (build 106)
Hex Converter:   FromElf.exe V5.05 update 1 (build 106)
CPU DLL:         SARMCM3.DLL V5.38.0.0
Dialog DLL:      DCM.DLL V1.17.5.0
Target DLL:      CMSIS_AGDI.dll V1.33.15.0
Dialog DLL:      TCM.DLL V1.56.4.0
 
<h2>Project:</h2>
D:\BaiduSyncdisk\MCU\motor\code\my_foc_405RG\App\Project\foc.uvprojx
Project File Date:  03/06/2023

<h2>Output:</h2>
*** Using Compiler 'V5.05 update 1 (build 106)', folder: 'E:\software_qrs\keil_core\ARM\ARMCC\Bin'
Build Project 'foc' - Target 'Foc'
compiling bsp.c...
compiling bsp_dma.c...
compiling motor_param.c...
compiling bsp_tim.c...
compiling bsp_gpio.c...
compiling motor_pid.c...
compiling stm32f4xx_it.c...
compiling motor_task.c...
compiling motor_it.c...
compiling main.c...
compiling motor_utils.c...
compiling bsp_usart.c...
D:\BaiduSyncdisk\MCU\motor\code\my_foc_405RG\Library\Bsp\bsp_usart.c(246): warning:  #177-D: variable "data" was declared but never referenced
      uint8_t data = 0;
..\..\Library\Bsp\bsp_usart.c: 1 warning, 0 errors
compiling bsp_adc.c...
compiling motor_foc.c...
compiling bsp_misc.c...
compiling ansi.c...
compiling ansi_port.c...
compiling nr_micro_shell.c...
compiling command.c...
compiling ymodem_common.c...
compiling ymodem_config.c...
compiling ymodem.c...
compiling freertos.c...
compiling serial.c...
compiling FreeRTOS_CLI.c...
linking...
Program Size: Code=23976 RO-data=1220 RW-data=504 ZI-data=22952  
".\Objects\foc.axf" - 0 Error(s), 1 Warning(s).

<h2>Software Packages used:</h2>

Package Vendor: Keil
                http://www.keil.com/pack/Keil.STM32F4xx_DFP.2.16.0.pack
                Keil.STM32F4xx_DFP.2.16.0
                STMicroelectronics STM32F4 Series Device Support, Drivers and Examples

<h2>Collection of Component include folders:</h2>
  E:/software_qrs/keil_pack/Keil/STM32F4xx_DFP/2.16.0/Drivers/CMSIS/Device/ST/STM32F4xx/Include

<h2>Collection of Component Files used:</h2>
Build Time Elapsed:  00:00:01
</pre>
</body>
</html>
