Component: ARM Compiler 5.05 update 1 (build 106) Tool: armlink [4d0efa]

==============================================================================

Section Cross References

    main.o(i.Task_Init) refers to printfa.o(i.__0printf) for __2printf
    main.o(i.Task_Init) refers to command.o(i.Command_Init) for Command_Init
    main.o(i.Task_Init) refers to cmsis_os2.o(i.osDelay) for osDelay
    main.o(i.main) refers to bsp.o(i.Bsp_Init) for Bsp_Init
    main.o(i.main) refers to cmsis_os2.o(i.osKernelInitialize) for osKernelInitialize
    main.o(i.main) refers to cmsis_os2.o(i.osThreadNew) for osThreadNew
    main.o(i.main) refers to cmsis_os2.o(i.osKernelStart) for osKernelStart
    main.o(i.main) refers to printfa.o(i.__0printf) for __2printf
    main.o(i.main) refers to main.o(.constdata) for taskInitAttr
    main.o(i.main) refers to main.o(i.Task_Init) for Task_Init
    main.o(.constdata) refers to main.o(.conststring) for .conststring
    main.o(.constdata) refers to main.o(.bss) for taskInitTcb
    stm32f4xx_it.o(i.ADC_IRQHandler) refers to stm32f4xx_adc.o(i.ADC_ClearITPendingBit) for ADC_ClearITPendingBit
    stm32f4xx_it.o(i.DMA2_Stream4_IRQHandler) refers to motor_it.o(i.Motor_DmaInt) for Motor_DmaInt
    stm32f4xx_it.o(i.DMA2_Stream4_IRQHandler) refers to stm32f4xx_dma.o(i.DMA_ClearITPendingBit) for DMA_ClearITPendingBit
    stm32f4xx_it.o(i.SysTick_Handler) refers to tasks.o(i.xTaskGetSchedulerState) for xTaskGetSchedulerState
    stm32f4xx_it.o(i.SysTick_Handler) refers to port.o(i.xPortSysTickHandler) for xPortSysTickHandler
    stm32f4xx_it.o(i.TIM3_IRQHandler) refers to bsp_tim.o(i.Bsp_Tim3_IRQ) for Bsp_Tim3_IRQ
    stm32f4xx_it.o(i.USART3_IRQHandler) refers to bsp_usart.o(i.Bsp_Usart_U3Handler) for Bsp_Usart_U3Handler
    system_stm32f4xx.o(i.SystemCoreClockUpdate) refers to system_stm32f4xx.o(.data) for SystemCoreClock
    system_stm32f4xx.o(i.SystemInit) refers to system_stm32f4xx.o(i.SetSysClock) for SetSysClock
    startup_stm32f40xx.o(RESET) refers to startup_stm32f40xx.o(STACK) for __initial_sp
    startup_stm32f40xx.o(RESET) refers to startup_stm32f40xx.o(.text) for Reset_Handler
    startup_stm32f40xx.o(RESET) refers to stm32f4xx_it.o(i.NMI_Handler) for NMI_Handler
    startup_stm32f40xx.o(RESET) refers to stm32f4xx_it.o(i.HardFault_Handler) for HardFault_Handler
    startup_stm32f40xx.o(RESET) refers to stm32f4xx_it.o(i.MemManage_Handler) for MemManage_Handler
    startup_stm32f40xx.o(RESET) refers to stm32f4xx_it.o(i.BusFault_Handler) for BusFault_Handler
    startup_stm32f40xx.o(RESET) refers to stm32f4xx_it.o(i.UsageFault_Handler) for UsageFault_Handler
    startup_stm32f40xx.o(RESET) refers to port.o(.emb_text) for SVC_Handler
    startup_stm32f40xx.o(RESET) refers to stm32f4xx_it.o(i.DebugMon_Handler) for DebugMon_Handler
    startup_stm32f40xx.o(RESET) refers to stm32f4xx_it.o(i.SysTick_Handler) for SysTick_Handler
    startup_stm32f40xx.o(RESET) refers to stm32f4xx_it.o(i.ADC_IRQHandler) for ADC_IRQHandler
    startup_stm32f40xx.o(RESET) refers to stm32f4xx_it.o(i.TIM3_IRQHandler) for TIM3_IRQHandler
    startup_stm32f40xx.o(RESET) refers to stm32f4xx_it.o(i.USART3_IRQHandler) for USART3_IRQHandler
    startup_stm32f40xx.o(RESET) refers to stm32f4xx_it.o(i.DMA2_Stream4_IRQHandler) for DMA2_Stream4_IRQHandler
    startup_stm32f40xx.o(.text) refers to system_stm32f4xx.o(i.SystemInit) for SystemInit
    startup_stm32f40xx.o(.text) refers to entry.o(.ARM.Collect$$$$00000000) for __main
    stm32f4xx_adc.o(i.ADC_DeInit) refers to stm32f4xx_rcc.o(i.RCC_APB2PeriphResetCmd) for RCC_APB2PeriphResetCmd
    stm32f4xx_can.o(i.CAN_DeInit) refers to stm32f4xx_rcc.o(i.RCC_APB1PeriphResetCmd) for RCC_APB1PeriphResetCmd
    stm32f4xx_can.o(i.CAN_GetITStatus) refers to stm32f4xx_can.o(i.CheckITStatus) for CheckITStatus
    stm32f4xx_cryp.o(i.CRYP_DeInit) refers to stm32f4xx_rcc.o(i.RCC_AHB2PeriphResetCmd) for RCC_AHB2PeriphResetCmd
    stm32f4xx_cryp_aes.o(i.CRYP_AES_CBC) refers to stm32f4xx_cryp.o(i.CRYP_KeyStructInit) for CRYP_KeyStructInit
    stm32f4xx_cryp_aes.o(i.CRYP_AES_CBC) refers to stm32f4xx_cryp.o(i.CRYP_FIFOFlush) for CRYP_FIFOFlush
    stm32f4xx_cryp_aes.o(i.CRYP_AES_CBC) refers to stm32f4xx_cryp.o(i.CRYP_Init) for CRYP_Init
    stm32f4xx_cryp_aes.o(i.CRYP_AES_CBC) refers to stm32f4xx_cryp.o(i.CRYP_KeyInit) for CRYP_KeyInit
    stm32f4xx_cryp_aes.o(i.CRYP_AES_CBC) refers to stm32f4xx_cryp.o(i.CRYP_Cmd) for CRYP_Cmd
    stm32f4xx_cryp_aes.o(i.CRYP_AES_CBC) refers to stm32f4xx_cryp.o(i.CRYP_GetFlagStatus) for CRYP_GetFlagStatus
    stm32f4xx_cryp_aes.o(i.CRYP_AES_CBC) refers to stm32f4xx_cryp.o(i.CRYP_IVInit) for CRYP_IVInit
    stm32f4xx_cryp_aes.o(i.CRYP_AES_CBC) refers to stm32f4xx_cryp.o(i.CRYP_GetCmdStatus) for CRYP_GetCmdStatus
    stm32f4xx_cryp_aes.o(i.CRYP_AES_CBC) refers to stm32f4xx_cryp.o(i.CRYP_DataIn) for CRYP_DataIn
    stm32f4xx_cryp_aes.o(i.CRYP_AES_CBC) refers to stm32f4xx_cryp.o(i.CRYP_DataOut) for CRYP_DataOut
[...]
    i.vTaskPlaceOnEventList                  0x08004e38   Section        0  tasks.o(i.vTaskPlaceOnEventList)
    i.vTaskPlaceOnEventListRestricted        0x08004e70   Section        0  tasks.o(i.vTaskPlaceOnEventListRestricted)
    i.vTaskStartScheduler                    0x08004eb0   Section        0  tasks.o(i.vTaskStartScheduler)
    i.vTaskSuspendAll                        0x08004f6c   Section        0  tasks.o(i.vTaskSuspendAll)
    i.vTaskSwitchContext                     0x08004f7c   Section        0  tasks.o(i.vTaskSwitchContext)
    i.xPortStartScheduler                    0x08005080   Section        0  port.o(i.xPortStartScheduler)
    i.xPortSysTickHandler                    0x080051e8   Section        0  port.o(i.xPortSysTickHandler)
    i.xQueueGenericCreate                    0x0800521c   Section        0  queue.o(i.xQueueGenericCreate)
    i.xQueueGenericCreateStatic              0x08005276   Section        0  queue.o(i.xQueueGenericCreateStatic)
    i.xQueueGenericReset                     0x08005358   Section        0  queue.o(i.xQueueGenericReset)
    i.xQueueGenericSend                      0x080053f0   Section        0  queue.o(i.xQueueGenericSend)
    i.xQueueGenericSendFromISR               0x08005598   Section        0  queue.o(i.xQueueGenericSendFromISR)
    i.xQueueReceive                          0x08005694   Section        0  queue.o(i.xQueueReceive)
    i.xQueueReceiveFromISR                   0x080057fc   Section        0  queue.o(i.xQueueReceiveFromISR)
    i.xTaskCheckForTimeOut                   0x080058c8   Section        0  tasks.o(i.xTaskCheckForTimeOut)
    i.xTaskCreate                            0x08005954   Section        0  tasks.o(i.xTaskCreate)
    i.xTaskCreateStatic                      0x080059b8   Section        0  tasks.o(i.xTaskCreateStatic)
    i.xTaskGetSchedulerState                 0x08005a74   Section        0  tasks.o(i.xTaskGetSchedulerState)
    i.xTaskGetTickCount                      0x08005a94   Section        0  tasks.o(i.xTaskGetTickCount)
    i.xTaskIncrementTick                     0x08005aa0   Section        0  tasks.o(i.xTaskIncrementTick)
    i.xTaskPriorityDisinherit                0x08005bf4   Section        0  tasks.o(i.xTaskPriorityDisinherit)
    i.xTaskRemoveFromEventList               0x08005c98   Section        0  tasks.o(i.xTaskRemoveFromEventList)
    i.xTaskResumeAll                         0x08005d30   Section        0  tasks.o(i.xTaskResumeAll)
    i.xTimerCreateTimerTask                  0x08005e34   Section        0  timers.o(i.xTimerCreateTimerTask)
    i.xTimerGenericCommand                   0x08005eac   Section        0  timers.o(i.xTimerGenericCommand)
    .constdata                               0x08005f30   Section       36  main.o(.constdata)
    .constdata                               0x08005f54   Section       36  command.o(.constdata)
    .constdata                               0x08005f78   Section      128  ansi.o(.constdata)
    .constdata                               0x08005ff8   Section      129  ctype_o.o(.constdata)
    .constdata                               0x0800607c   Section        4  ctype_o.o(.constdata)
    table                                    0x0800607c   Data           4  ctype_o.o(.constdata)
    .conststring                             0x08006080   Section       10  main.o(.conststring)
    .conststring                             0x0800608c   Section      405  nr_micro_shell.o(.conststring)
    .rodata.nr_shell_cmd0.end                0x08006224   Section       20  nr_micro_shell.o(.rodata.nr_shell_cmd0.end)
    __tagsym$$used                           0x08006224   Number         0  nr_micro_shell.o(.rodata.nr_shell_cmd0.end)
    .rodata.nr_shell_cmd1.end                0x08006238   Section       20  nr_micro_shell.o(.rodata.nr_shell_cmd1.end)
    __tagsym$$used                           0x08006238   Number         0  nr_micro_shell.o(.rodata.nr_shell_cmd1.end)
    .data                                    0x20000000   Section       20  system_stm32f4xx.o(.data)
    .data                                    0x20000014   Section       16  stm32f4xx_rcc.o(.data)
    APBAHBPrescTable                         0x20000014   Data          16  stm32f4xx_rcc.o(.data)
    .data                                    0x20000024   Section        4  bsp_usart.o(.data)
    .data                                    0x20000028   Section        8  command.o(.data)
    ulRxDataLen                              0x2000002c   Data           4  command.o(.data)
    .data                                    0x20000030   Section       68  tasks.o(.data)
    pxDelayedTaskList                        0x20000034   Data           4  tasks.o(.data)
    pxOverflowDelayedTaskList                0x20000038   Data           4  tasks.o(.data)
    uxDeletedTasksWaitingCleanUp             0x2000003c   Data           4  tasks.o(.data)
    uxCurrentNumberOfTasks                   0x20000040   Data           4  tasks.o(.data)
    xTickCount                               0x20000044   Data           4  tasks.o(.data)
    uxTopReadyPriority                       0x20000048   Data           4  tasks.o(.data)
    xSchedulerRunning                        0x2000004c   Data           4  tasks.o(.data)
    xPendedTicks                             0x20000050   Data           4  tasks.o(.data)
    xYieldPending                            0x20000054   Data           4  tasks.o(.data)
    xNumOfOverflows                          0x20000058   Data           4  tasks.o(.data)
    uxTaskNumber                             0x2000005c   Data           4  tasks.o(.data)
    xNextTaskUnblockTime                     0x20000060   Data           4  tasks.o(.data)
    xIdleTaskHandle                          0x20000064   Data           4  tasks.o(.data)
    uxSchedulerSuspended                     0x20000068   Data           4  tasks.o(.data)
    ulTaskSwitchedInTime                     0x2000006c   Data           4  tasks.o(.data)
    ulTotalRunTime                           0x20000070   Data           4  tasks.o(.data)
    .data                                    0x20000074   Section       20  timers.o(.data)
    pxCurrentTimerList                       0x20000074   Data           4  timers.o(.data)
    pxOverflowTimerList                      0x20000078   Data           4  timers.o(.data)
    xTimerQueue                              0x2000007c   Data           4  timers.o(.data)
    xTimerTaskHandle                         0x20000080   Data           4  timers.o(.data)
    xLastTime                                0x20000084   Data           4  timers.o(.data)
    .data                                    0x20000088   Section       32  heap_4.o(.data)
    xStart                                   0x20000088   Data           8  heap_4.o(.data)
    pxEnd                                    0x20000090   Data           4  heap_4.o(.data)
    xFreeBytesRemaining                      0x20000094   Data           4  heap_4.o(.data)
    xMinimumEverFreeBytesRemaining           0x20000098   Data           4  heap_4.o(.data)
    xNumberOfSuccessfulAllocations           0x2000009c   Data           4  heap_4.o(.data)
    xNumberOfSuccessfulFrees                 0x200000a0   Data           4  heap_4.o(.data)
    xBlockAllocatedBit                       0x200000a4   Data           4  heap_4.o(.data)
    .data                                    0x200000a8   Section       12  port.o(.data)
    uxCriticalNesting                        0x200000a8   Data           4  port.o(.data)
    ucMaxSysCallPriority                     0x200000ac   Data           1  port.o(.data)
    ulMaxPRIGROUPValue                       0x200000b0   Data           4  port.o(.data)
    .data                                    0x200000b4   Section        4  freertos.o(.data)
    .data                                    0x200000b8   Section        4  cmsis_os2.o(.data)
    KernelState                              0x200000b8   Data           4  cmsis_os2.o(.data)
    .data                                    0x200000bc   Section      312  nr_micro_shell.o(.data)
    last                                     0x200001f0   Data           4  nr_micro_shell.o(.data)
    .data                                    0x200001f4   Section        4  stdout.o(.data)
    .bss                                     0x200001f8   Section      608  main.o(.bss)
    taskInitStack                            0x200001f8   Data         512  main.o(.bss)
    taskInitTcb                              0x200003f8   Data          96  main.o(.bss)
    .bss                                     0x20000458   Section       56  bsp_adc.o(.bss)
    .bss                                     0x20000490   Section      128  bsp_dma.o(.bss)
    .bss                                     0x20000510   Section     1740  motor_param.o(.bss)
    .bss                                     0x20000bdc   Section      608  command.o(.bss)
    taskCmdStack                             0x20000bdc   Data         512  command.o(.bss)
    taskCmdTcb                               0x20000ddc   Data          96  command.o(.bss)
    .bss                                     0x20000e3c   Section       64  queue.o(.bss)
    .bss                                     0x20000e7c   Section     1220  tasks.o(.bss)
    pxReadyTasksLists                        0x20000e7c   Data        1120  tasks.o(.bss)
    xDelayedTaskList1                        0x200012dc   Data          20  tasks.o(.bss)
    xDelayedTaskList2                        0x200012f0   Data          20  tasks.o(.bss)
    xPendingReadyList                        0x20001304   Data          20  tasks.o(.bss)
    xTasksWaitingTermination                 0x20001318   Data          20  tasks.o(.bss)
    xSuspendedTaskList                       0x2000132c   Data          20  tasks.o(.bss)
    .bss                                     0x20001340   Section      280  timers.o(.bss)
    xActiveTimerList1                        0x20001340   Data          20  timers.o(.bss)
    xActiveTimerList2                        0x20001354   Data          20  timers.o(.bss)
    xStaticTimerQueue                        0x20001368   Data          80  timers.o(.bss)
    ucStaticTimerQueueStorage                0x200013b8   Data         160  timers.o(.bss)
    .bss                                     0x20001458   Section    15360  heap_4.o(.bss)
    ucHeap                                   0x20001458   Data       15360  heap_4.o(.bss)
    .bss                                     0x20005058   Section     1728  cmsis_os2.o(.bss)
    Idle_TCB                                 0x20005058   Data          96  cmsis_os2.o(.bss)
    Idle_Stack                               0x200050b8   Data         512  cmsis_os2.o(.bss)
    Timer_TCB                                0x200052b8   Data          96  cmsis_os2.o(.bss)
    Timer_Stack                              0x20005318   Data        1024  cmsis_os2.o(.bss)
    .bss                                     0x20005718   Section      132  ansi.o(.bss)
    STACK                                    0x200057a0   Section     1024  startup_stm32f40xx.o(STACK)

    Global Symbols

    Symbol Name                              Value     Ov Type        Size  Object(Section)

    BuildAttributes$$THM_ISAv4$E$P$D$K$B$S$7EM$VFPi3$EXTD16$VFPS$VFMA$PE$A:L22UL41UL21$X:L11$S22US41US21$IEEE1$IW$USESV6$~STKCKD$USESV7$~SHL$OTIME$ROPI$EBA8$MICROLIB$REQ8$PRES8$EABIv2 0x00000000   Number         0  anon$$obj.o ABSOLUTE
    __ARM_use_no_argv                        0x00000000   Number         0  main.o ABSOLUTE
    _printf_a                                0x00000000   Number         0  stubs.o ABSOLUTE
    _printf_c                                0x00000000   Number         0  stubs.o ABSOLUTE
    _printf_charcount                        0x00000000   Number         0  stubs.o ABSOLUTE
    _printf_d                                0x00000000   Number         0  stubs.o ABSOLUTE
    _printf_e                                0x00000000   Number         0  stubs.o ABSOLUTE
    _printf_f                                0x00000000   Number         0  stubs.o ABSOLUTE
    _printf_flags                            0x00000000   Number         0  stubs.o ABSOLUTE
    _printf_fp_dec                           0x00000000   Number         0  stubs.o ABSOLUTE
    _printf_fp_hex                           0x00000000   Number         0  stubs.o ABSOLUTE
    _printf_g                                0x00000000   Number         0  stubs.o ABSOLUTE
    _printf_i                                0x00000000   Number         0  stubs.o ABSOLUTE
    _printf_int_dec                          0x00000000   Number         0  stubs.o ABSOLUTE
    _printf_l                                0x00000000   Number         0  stubs.o ABSOLUTE
    _printf_lc                               0x00000000   Number         0  stubs.o ABSOLUTE
    _printf_ll                               0x00000000   Number         0  stubs.o ABSOLUTE
    _printf_lld                              0x00000000   Number         0  stubs.o ABSOLUTE
    _printf_lli                              0x00000000   Number         0  stubs.o ABSOLUTE
    _printf_llo                              0x00000000   Number         0  stubs.o ABSOLUTE
    _printf_llu                              0x00000000   Number         0  stubs.o ABSOLUTE
    _printf_llx                              0x00000000   Number         0  stubs.o ABSOLUTE
    _printf_longlong_dec                     0x00000000   Number         0  stubs.o ABSOLUTE
    _printf_longlong_hex                     0x00000000   Number         0  stubs.o ABSOLUTE
    _printf_longlong_oct                     0x00000000   Number         0  stubs.o ABSOLUTE
    _printf_ls                               0x00000000   Number         0  stubs.o ABSOLUTE
    _printf_mbtowc                           0x00000000   Number         0  stubs.o ABSOLUTE
    _printf_n                                0x00000000   Number         0  stubs.o ABSOLUTE
    _printf_o                                0x00000000   Number         0  stubs.o ABSOLUTE
    _printf_p                                0x00000000   Number         0  stubs.o ABSOLUTE
    _printf_percent                          0x00000000   Number         0  stubs.o ABSOLUTE
    _printf_pre_padding                      0x00000000   Number         0  stubs.o ABSOLUTE
    _printf_return_value                     0x00000000   Number         0  stubs.o ABSOLUTE
    _printf_s                                0x00000000   Number         0  stubs.o ABSOLUTE
    _printf_sizespec                         0x00000000   Number         0  stubs.o ABSOLUTE
    _printf_str                              0x00000000   Number         0  stubs.o ABSOLUTE
    _printf_truncate_signed                  0x00000000   Number         0  stubs.o ABSOLUTE
    _printf_truncate_unsigned                0x00000000   Number         0  stubs.o ABSOLUTE
    _printf_u                                0x00000000   Number         0  stubs.o ABSOLUTE
    _printf_wc                               0x00000000   Number         0  stubs.o ABSOLUTE
    _printf_wctomb                           0x00000000   Number         0  stubs.o ABSOLUTE
    _printf_widthprec                        0x00000000   Number         0  stubs.o ABSOLUTE
    _printf_x                                0x00000000   Number         0  stubs.o ABSOLUTE
    __cpp_initialize__aeabi_                  - Undefined Weak Reference
    __cxa_finalize                            - Undefined Weak Reference
    _clock_init                               - Undefined Weak Reference
    _microlib_exit                            - Undefined Weak Reference
    __Vectors_Size                           0x00000188   Number         0  startup_stm32f40xx.o ABSOLUTE
    __Vectors                                0x08000000   Data           4  startup_stm32f40xx.o(RESET)
    __Vectors_End                            0x08000188   Data           0  startup_stm32f40xx.o(RESET)
    __main                                   0x08000189   Thumb Code     0  entry.o(.ARM.Collect$$$$00000000)
    _main_stk                                0x08000189   Thumb Code     0  entry2.o(.ARM.Collect$$$$00000001)
    _main_scatterload                        0x0800018d   Thumb Code     0  entry5.o(.ARM.Collect$$$$00000004)
    __main_after_scatterload                 0x08000191   Thumb Code     0  entry5.o(.ARM.Collect$$$$00000004)
    _main_clock                              0x08000191   Thumb Code     0  entry7b.o(.ARM.Collect$$$$00000008)
    _main_cpp_init                           0x08000191   Thumb Code     0  entry8b.o(.ARM.Collect$$$$0000000A)
    _main_init                               0x08000191   Thumb Code     0  entry9a.o(.ARM.Collect$$$$0000000B)
    __rt_final_cpp                           0x08000199   Thumb Code     0  entry10a.o(.ARM.Collect$$$$0000000D)
    __rt_final_exit                          0x08000199   Thumb Code     0  entry11a.o(.ARM.Collect$$$$0000000F)
    SVC_Handler                              0x0800019d   Thumb Code    28  port.o(.emb_text)
    __asm___6_port_c_39a90d8d__prvStartFirstTask 0x080001bd   Thumb Code    36  port.o(.emb_text)
    __asm___6_port_c_39a90d8d__prvEnableVFP  0x080001e5   Thumb Code    16  port.o(.emb_text)
    PendSV_Handler                           0x080001f9   Thumb Code    88  port.o(.emb_text)
    vPortGetIPSR                             0x08000255   Thumb Code     6  port.o(.emb_text)
    Reset_Handler                            0x0800025d   Thumb Code     8  startup_stm32f40xx.o(.text)
    CAN1_RX0_IRQHandler                      0x08000277   Thumb Code     0  startup_stm32f40xx.o(.text)
    CAN1_RX1_IRQHandler                      0x08000277   Thumb Code     0  startup_stm32f40xx.o(.text)
    CAN1_SCE_IRQHandler                      0x08000277   Thumb Code     0  startup_stm32f40xx.o(.text)
    CAN1_TX_IRQHandler                       0x08000277   Thumb Code     0  startup_stm32f40xx.o(.text)
    CAN2_RX0_IRQHandler                      0x08000277   Thumb Code     0  startup_stm32f40xx.o(.text)
    CAN2_RX1_IRQHandler                      0x08000277   Thumb Code     0  startup_stm32f40xx.o(.text)
    CAN2_SCE_IRQHandler                      0x08000277   Thumb Code     0  startup_stm32f40xx.o(.text)
    CAN2_TX_IRQHandler                       0x08000277   Thumb Code     0  startup_stm32f40xx.o(.text)
    CRYP_IRQHandler                          0x08000277   Thumb Code     0  startup_stm32f40xx.o(.text)
    DCMI_IRQHandler                          0x08000277   Thumb Code     0  startup_stm32f40xx.o(.text)
    DMA1_Stream0_IRQHandler                  0x08000277   Thumb Code     0  startup_stm32f40xx.o(.text)
    DMA1_Stream1_IRQHandler                  0x08000277   Thumb Code     0  startup_stm32f40xx.o(.text)
    DMA1_Stream2_IRQHandler                  0x08000277   Thumb Code     0  startup_stm32f40xx.o(.text)
    DMA1_Stream3_IRQHandler                  0x08000277   Thumb Code     0  startup_stm32f40xx.o(.text)
    DMA1_Stream4_IRQHandler                  0x08000277   Thumb Code     0  startup_stm32f40xx.o(.text)
    DMA1_Stream5_IRQHandler                  0x08000277   Thumb Code     0  startup_stm32f40xx.o(.text)
    DMA1_Stream6_IRQHandler                  0x08000277   Thumb Code     0  startup_stm32f40xx.o(.text)
    DMA1_Stream7_IRQHandler                  0x08000277   Thumb Code     0  startup_stm32f40xx.o(.text)
    DMA2_Stream0_IRQHandler                  0x08000277   Thumb Code     0  startup_stm32f40xx.o(.text)
    DMA2_Stream1_IRQHandler                  0x08000277   Thumb Code     0  startup_stm32f40xx.o(.text)
    DMA2_Stream2_IRQHandler                  0x08000277   Thumb Code     0  startup_stm32f40xx.o(.text)
    DMA2_Stream3_IRQHandler                  0x08000277   Thumb Code     0  startup_stm32f40xx.o(.text)
    DMA2_Stream5_IRQHandler                  0x08000277   Thumb Code     0  startup_stm32f40xx.o(.text)
    DMA2_Stream6_IRQHandler                  0x08000277   Thumb Code     0  startup_stm32f40xx.o(.text)
    DMA2_Stream7_IRQHandler                  0x08000277   Thumb Code     0  startup_stm32f40xx.o(.text)
    ETH_IRQHandler                           0x08000277   Thumb Code     0  startup_stm32f40xx.o(.text)
    ETH_WKUP_IRQHandler                      0x08000277   Thumb Code     0  startup_stm32f40xx.o(.text)
    EXTI0_IRQHandler                         0x08000277   Thumb Code     0  startup_stm32f40xx.o(.text)
    EXTI15_10_IRQHandler                     0x08000277   Thumb Code     0  startup_stm32f40xx.o(.text)
    EXTI1_IRQHandler                         0x08000277   Thumb Code     0  startup_stm32f40xx.o(.text)
    EXTI2_IRQHandler                         0x08000277   Thumb Code     0  startup_stm32f40xx.o(.text)
    EXTI3_IRQHandler                         0x08000277   Thumb Code     0  startup_stm32f40xx.o(.text)
    EXTI4_IRQHandler                         0x08000277   Thumb Code     0  startup_stm32f40xx.o(.text)
    EXTI9_5_IRQHandler                       0x08000277   Thumb Code     0  startup_stm32f40xx.o(.text)
    FLASH_IRQHandler                         0x08000277   Thumb Code     0  startup_stm32f40xx.o(.text)
    FPU_IRQHandler                           0x08000277   Thumb Code     0  startup_stm32f40xx.o(.text)
    FSMC_IRQHandler                          0x08000277   Thumb Code     0  startup_stm32f40xx.o(.text)
    HASH_RNG_IRQHandler                      0x08000277   Thumb Code     0  startup_stm32f40xx.o(.text)
    I2C1_ER_IRQHandler                       0x08000277   Thumb Code     0  startup_stm32f40xx.o(.text)
    I2C1_EV_IRQHandler                       0x08000277   Thumb Code     0  startup_stm32f40xx.o(.text)
    I2C2_ER_IRQHandler                       0x08000277   Thumb Code     0  startup_stm32f40xx.o(.text)
    I2C2_EV_IRQHandler                       0x08000277   Thumb Code     0  startup_stm32f40xx.o(.text)
    I2C3_ER_IRQHandler                       0x08000277   Thumb Code     0  startup_stm32f40xx.o(.text)
    I2C3_EV_IRQHandler                       0x08000277   Thumb Code     0  startup_stm32f40xx.o(.text)
    OTG_FS_IRQHandler                        0x08000277   Thumb Code     0  startup_stm32f40xx.o(.text)
    OTG_FS_WKUP_IRQHandler                   0x08000277   Thumb Code     0  startup_stm32f40xx.o(.text)
    OTG_HS_EP1_IN_IRQHandler                 0x08000277   Thumb Code     0  startup_stm32f40xx.o(.text)
    OTG_HS_EP1_OUT_IRQHandler                0x08000277   Thumb Code     0  startup_stm32f40xx.o(.text)
    OTG_HS_IRQHandler                        0x08000277   Thumb Code     0  startup_stm32f40xx.o(.text)
    OTG_HS_WKUP_IRQHandler                   0x08000277   Thumb Code     0  startup_stm32f40xx.o(.text)
    PVD_IRQHandler                           0x08000277   Thumb Code     0  startup_stm32f40xx.o(.text)
    RCC_IRQHandler                           0x08000277   Thumb Code     0  startup_stm32f40xx.o(.text)
    RTC_Alarm_IRQHandler                     0x08000277   Thumb Code     0  startup_stm32f40xx.o(.text)
    RTC_WKUP_IRQHandler                      0x08000277   Thumb Code     0  startup_stm32f40xx.o(.text)
    SDIO_IRQHandler                          0x08000277   Thumb Code     0  startup_stm32f40xx.o(.text)
    SPI1_IRQHandler                          0x08000277   Thumb Code     0  startup_stm32f40xx.o(.text)
    SPI2_IRQHandler                          0x08000277   Thumb Code     0  startup_stm32f40xx.o(.text)
    SPI3_IRQHandler                          0x08000277   Thumb Code     0  startup_stm32f40xx.o(.text)
    TAMP_STAMP_IRQHandler                    0x08000277   Thumb Code     0  startup_stm32f40xx.o(.text)
    TIM1_BRK_TIM9_IRQHandler                 0x08000277   Thumb Code     0  startup_stm32f40xx.o(.text)
    TIM1_CC_IRQHandler                       0x08000277   Thumb Code     0  startup_stm32f40xx.o(.text)
    TIM1_TRG_COM_TIM11_IRQHandler            0x08000277   Thumb Code     0  startup_stm32f40xx.o(.text)
    TIM1_UP_TIM10_IRQHandler                 0x08000277   Thumb Code     0  startup_stm32f40xx.o(.text)
    TIM2_IRQHandler                          0x08000277   Thumb Code     0  startup_stm32f40xx.o(.text)
    TIM4_IRQHandler                          0x08000277   Thumb Code     0  startup_stm32f40xx.o(.text)
    TIM5_IRQHandler                          0x08000277   Thumb Code     0  startup_stm32f40xx.o(.text)
    TIM6_DAC_IRQHandler                      0x08000277   Thumb Code     0  startup_stm32f40xx.o(.text)
    TIM7_IRQHandler                          0x08000277   Thumb Code     0  startup_stm32f40xx.o(.text)
    TIM8_BRK_TIM12_IRQHandler                0x08000277   Thumb Code     0  startup_stm32f40xx.o(.text)
    TIM8_CC_IRQHandler                       0x08000277   Thumb Code     0  startup_stm32f40xx.o(.text)
    TIM8_TRG_COM_TIM14_IRQHandler            0x08000277   Thumb Code     0  startup_stm32f40xx.o(.text)
    TIM8_UP_TIM13_IRQHandler                 0x08000277   Thumb Code     0  startup_stm32f40xx.o(.text)
    UART4_IRQHandler                         0x08000277   Thumb Code     0  startup_stm32f40xx.o(.text)
    UART5_IRQHandler                         0x08000277   Thumb Code     0  startup_stm32f40xx.o(.text)
    USART1_IRQHandler                        0x08000277   Thumb Code     0  startup_stm32f40xx.o(.text)
    USART2_IRQHandler                        0x08000277   Thumb Code     0  startup_stm32f40xx.o(.text)
    USART6_IRQHandler                        0x08000277   Thumb Code     0  startup_stm32f40xx.o(.text)
    WWDG_IRQHandler                          0x08000277   Thumb Code     0  startup_stm32f40xx.o(.text)
    __rt_ctype_table                         0x08000281   Thumb Code     4  ctype_o.o(.text)
    __aeabi_memcpy                           0x08000289   Thumb Code    36  memcpya.o(.text)
    __aeabi_memcpy4                          0x08000289   Thumb Code     0  memcpya.o(.text)
    __aeabi_memcpy8                          0x08000289   Thumb Code     0  memcpya.o(.text)
    __aeabi_memset                           0x080002ad   Thumb Code    14  memseta.o(.text)
    __aeabi_memset4                          0x080002ad   Thumb Code     0  memseta.o(.text)
    __aeabi_memset8                          0x080002ad   Thumb Code     0  memseta.o(.text)
    __aeabi_memclr                           0x080002bb   Thumb Code     4  memseta.o(.text)
    __aeabi_memclr4                          0x080002bb   Thumb Code     0  memseta.o(.text)
    __aeabi_memclr8                          0x080002bb   Thumb Code     0  memseta.o(.text)
    memset                                   0x080002bf   Thumb Code    18  memseta.o(.text)
    strstr                                   0x080002d1   Thumb Code    36  strstr.o(.text)
    strlen                                   0x080002f5   Thumb Code    14  strlen.o(.text)
    strcmp                                   0x08000303   Thumb Code    28  strcmp.o(.text)
    strcpy                                   0x0800031f   Thumb Code    18  strcpy.o(.text)
    __aeabi_dmul                             0x08000331   Thumb Code   228  dmul.o(.text)
    __aeabi_ui2d                             0x08000415   Thumb Code    26  dfltui.o(.text)
    __aeabi_d2f                              0x0800042f   Thumb Code    56  d2f.o(.text)
    __aeabi_uidiv                            0x08000467   Thumb Code     0  uidiv.o(.text)
    __aeabi_uidivmod                         0x08000467   Thumb Code    44  uidiv.o(.text)
    __aeabi_uldivmod                         0x08000493   Thumb Code    98  uldiv.o(.text)
    __I$use$fp                               0x080004f5   Thumb Code     0  iusefp.o(.text)
    _float_round                             0x080004f5   Thumb Code    18  fepilogue.o(.text)
    _float_epilogue                          0x08000507   Thumb Code    92  fepilogue.o(.text)
    _double_round                            0x08000563   Thumb Code    30  depilogue.o(.text)
    _double_epilogue                         0x08000581   Thumb Code   156  depilogue.o(.text)
    __aeabi_dadd                             0x0800061d   Thumb Code   322  dadd.o(.text)
    __aeabi_dsub                             0x0800075f   Thumb Code     6  dadd.o(.text)
    __aeabi_drsub                            0x08000765   Thumb Code     6  dadd.o(.text)
    __aeabi_ddiv                             0x0800076b   Thumb Code   222  ddiv.o(.text)
    __aeabi_d2ulz                            0x08000849   Thumb Code    48  dfixul.o(.text)
    __aeabi_cdrcmple                         0x08000879   Thumb Code    48  cdrcmple.o(.text)
    __scatterload                            0x080008a9   Thumb Code    28  init.o(.text)
    __scatterload_rt2                        0x080008a9   Thumb Code     0  init.o(.text)
    __aeabi_llsl                             0x080008cd   Thumb Code    30  llshl.o(.text)
    _ll_shift_l                              0x080008cd   Thumb Code     0  llshl.o(.text)
    __aeabi_llsr                             0x080008eb   Thumb Code    32  llushr.o(.text)
    _ll_ushift_r                             0x080008eb   Thumb Code     0  llushr.o(.text)
    __aeabi_lasr                             0x0800090b   Thumb Code    36  llsshr.o(.text)
    _ll_sshift_r                             0x0800090b   Thumb Code     0  llsshr.o(.text)
    __decompress                             0x0800092f   Thumb Code     0  __dczerorl2.o(.text)
    __decompress1                            0x0800092f   Thumb Code    86  __dczerorl2.o(.text)
    ADC_ClearITPendingBit                    0x08000985   Thumb Code    10  stm32f4xx_adc.o(i.ADC_ClearITPendingBit)
    ADC_Cmd                                  0x0800098f   Thumb Code    22  stm32f4xx_adc.o(i.ADC_Cmd)
    ADC_CommonInit                           0x080009a5   Thumb Code    34  stm32f4xx_adc.o(i.ADC_CommonInit)
    ADC_IRQHandler                           0x080009d5   Thumb Code    14  stm32f4xx_it.o(i.ADC_IRQHandler)
    ADC_Init                                 0x080009e9   Thumb Code    74  stm32f4xx_adc.o(i.ADC_Init)
    ADC_InjectedChannelConfig                0x08000a3d   Thumb Code   130  stm32f4xx_adc.o(i.ADC_InjectedChannelConfig)
    ADC_MultiModeDMARequestAfterLastTransferCmd 0x08000ac1   Thumb Code    34  stm32f4xx_adc.o(i.ADC_MultiModeDMARequestAfterLastTransferCmd)
    ADC_RegularChannelConfig                 0x08000aed   Thumb Code   184  stm32f4xx_adc.o(i.ADC_RegularChannelConfig)
    ADC_TempSensorVrefintCmd                 0x08000ba5   Thumb Code    34  stm32f4xx_adc.o(i.ADC_TempSensorVrefintCmd)
    Bsp_Adc_Init                             0x08000bd1   Thumb Code    12  bsp_adc.o(i.Bsp_Adc_Init)
    Bsp_Adc_Sample                           0x08000bdd   Thumb Code   158  bsp_adc.o(i.Bsp_Adc_Sample)
    Bsp_Adc_SetChannels                      0x08000c8d   Thumb Code   292  bsp_adc.o(i.Bsp_Adc_SetChannels)
    Bsp_Dma_AdcSample                        0x08000dbd   Thumb Code   128  bsp_dma.o(i.Bsp_Dma_AdcSample)
    Bsp_Dma_Init                             0x08000e4d   Thumb Code    42  bsp_dma.o(i.Bsp_Dma_Init)
    Bsp_Dma_Usart3Rx                         0x08000e91   Thumb Code   120  bsp_dma.o(i.Bsp_Dma_Usart3Rx)
    Bsp_Gpio_Init                            0x08000f15   Thumb Code     8  bsp_gpio.o(i.Bsp_Gpio_Init)
    Bsp_Gpio_Led                             0x08000f1d   Thumb Code    72  bsp_gpio.o(i.Bsp_Gpio_Led)
    Bsp_Init                                 0x08000f69   Thumb Code    80  bsp.o(i.Bsp_Init)
    Bsp_Rcu_Init                             0x08000fdd   Thumb Code   122  bsp_misc.o(i.Bsp_Rcu_Init)
    Bsp_Sys_Init                             0x08001059   Thumb Code   136  bsp_misc.o(i.Bsp_Sys_Init)
    Bsp_Tim3_IRQ                             0x080010ed   Thumb Code    22  bsp_tim.o(i.Bsp_Tim3_IRQ)
    Bsp_Tim3_RunCount                        0x0800110d   Thumb Code    92  bsp_tim.o(i.Bsp_Tim3_RunCount)
    Bsp_Tim_Init                             0x0800116d   Thumb Code    20  bsp_tim.o(i.Bsp_Tim_Init)
    Bsp_Tim_Pwm1                             0x08001181   Thumb Code   280  bsp_tim.o(i.Bsp_Tim_Pwm1)
    Bsp_Tim_Trig                             0x080012a9   Thumb Code    38  bsp_tim.o(i.Bsp_Tim_Trig)
    Bsp_Tim_TrigAdc                          0x080012d5   Thumb Code   190  bsp_tim.o(i.Bsp_Tim_TrigAdc)
    Bsp_Usart_DebugInit                      0x08001395   Thumb Code   222  bsp_usart.o(i.Bsp_Usart_DebugInit)
    Bsp_Usart_U3Handler                      0x0800147d   Thumb Code   108  bsp_usart.o(i.Bsp_Usart_U3Handler)
    BusFault_Handler                         0x080014fd   Thumb Code     4  stm32f4xx_it.o(i.BusFault_Handler)
    Cmd_Task                                 0x08001501   Thumb Code   110  command.o(i.Cmd_Task)
    Command_Init                             0x080015a1   Thumb Code    26  command.o(i.Command_Init)
    DMA2_Stream4_IRQHandler                  0x080015cd   Thumb Code    28  stm32f4xx_it.o(i.DMA2_Stream4_IRQHandler)
    DMA_ClearFlag                            0x080015f5   Thumb Code    38  stm32f4xx_dma.o(i.DMA_ClearFlag)
    DMA_ClearITPendingBit                    0x08001629   Thumb Code    38  stm32f4xx_dma.o(i.DMA_ClearITPendingBit)
    DMA_Cmd                                  0x0800165d   Thumb Code    22  stm32f4xx_dma.o(i.DMA_Cmd)
    DMA_DeInit                               0x08001675   Thumb Code   324  stm32f4xx_dma.o(i.DMA_DeInit)
    DMA_GetCmdStatus                         0x080017cd   Thumb Code    20  stm32f4xx_dma.o(i.DMA_GetCmdStatus)
    DMA_GetCurrDataCounter                   0x080017e1   Thumb Code     8  stm32f4xx_dma.o(i.DMA_GetCurrDataCounter)
    DMA_ITConfig                             0x080017e9   Thumb Code    58  stm32f4xx_dma.o(i.DMA_ITConfig)
    DMA_Init                                 0x08001825   Thumb Code    82  stm32f4xx_dma.o(i.DMA_Init)
    DMA_SetCurrDataCounter                   0x0800187d   Thumb Code     4  stm32f4xx_dma.o(i.DMA_SetCurrDataCounter)
    DebugMon_Handler                         0x08001881   Thumb Code     2  stm32f4xx_it.o(i.DebugMon_Handler)
    GPIO_Init                                0x08001883   Thumb Code   144  stm32f4xx_gpio.o(i.GPIO_Init)
    GPIO_PinAFConfig                         0x08001913   Thumb Code    70  stm32f4xx_gpio.o(i.GPIO_PinAFConfig)
    HardFault_Handler                        0x08001959   Thumb Code     4  stm32f4xx_it.o(i.HardFault_Handler)
    MemManage_Handler                        0x0800195d   Thumb Code     4  stm32f4xx_it.o(i.MemManage_Handler)
    Motor_DmaInt                             0x08001961   Thumb Code   138  motor_it.o(i.Motor_DmaInt)
    NMI_Handler                              0x080019fd   Thumb Code     2  stm32f4xx_it.o(i.NMI_Handler)
    NVIC_Init                                0x08001a01   Thumb Code   106  misc.o(i.NVIC_Init)
    NVIC_PriorityGroupConfig                 0x08001a79   Thumb Code    10  misc.o(i.NVIC_PriorityGroupConfig)
    NVIC_SetVectorTable                      0x08001a8d   Thumb Code    12  misc.o(i.NVIC_SetVectorTable)
    RCC_AHB1PeriphClockCmd                   0x08001aa1   Thumb Code    26  stm32f4xx_rcc.o(i.RCC_AHB1PeriphClockCmd)
    RCC_APB1PeriphClockCmd                   0x08001ac1   Thumb Code    26  stm32f4xx_rcc.o(i.RCC_APB1PeriphClockCmd)
    RCC_APB1PeriphResetCmd                   0x08001ae1   Thumb Code    26  stm32f4xx_rcc.o(i.RCC_APB1PeriphResetCmd)
    RCC_APB2PeriphClockCmd                   0x08001b01   Thumb Code    26  stm32f4xx_rcc.o(i.RCC_APB2PeriphClockCmd)
    RCC_APB2PeriphResetCmd                   0x08001b21   Thumb Code    26  stm32f4xx_rcc.o(i.RCC_APB2PeriphResetCmd)
    RCC_DeInit                               0x08001b41   Thumb Code    82  stm32f4xx_rcc.o(i.RCC_DeInit)
    RCC_GetClocksFreq                        0x08001ba5   Thumb Code   214  stm32f4xx_rcc.o(i.RCC_GetClocksFreq)
    RCC_GetFlagStatus                        0x08001c8d   Thumb Code    60  stm32f4xx_rcc.o(i.RCC_GetFlagStatus)
    RCC_GetSYSCLKSource                      0x08001ccd   Thumb Code    10  stm32f4xx_rcc.o(i.RCC_GetSYSCLKSource)
    RCC_HCLKConfig                           0x08001cdd   Thumb Code    18  stm32f4xx_rcc.o(i.RCC_HCLKConfig)
    RCC_HSEConfig                            0x08001cf5   Thumb Code    12  stm32f4xx_rcc.o(i.RCC_HSEConfig)
    RCC_PCLK1Config                          0x08001d05   Thumb Code    18  stm32f4xx_rcc.o(i.RCC_PCLK1Config)
    RCC_PCLK2Config                          0x08001d1d   Thumb Code    20  stm32f4xx_rcc.o(i.RCC_PCLK2Config)
    RCC_PLLCmd                               0x08001d35   Thumb Code     6  stm32f4xx_rcc.o(i.RCC_PLLCmd)
    RCC_PLLConfig                            0x08001d41   Thumb Code    30  stm32f4xx_rcc.o(i.RCC_PLLConfig)
    RCC_SYSCLKConfig                         0x08001d65   Thumb Code    18  stm32f4xx_rcc.o(i.RCC_SYSCLKConfig)
    RCC_WaitForHSEStartUp                    0x08001d7d   Thumb Code    56  stm32f4xx_rcc.o(i.RCC_WaitForHSEStartUp)
    SysTick_Handler                          0x08001ea1   Thumb Code    16  stm32f4xx_it.o(i.SysTick_Handler)
    SystemInit                               0x08001eb1   Thumb Code    88  system_stm32f4xx.o(i.SystemInit)
    TIM3_IRQHandler                          0x08001f19   Thumb Code     8  stm32f4xx_it.o(i.TIM3_IRQHandler)
    TIM_ARRPreloadConfig                     0x08001f21   Thumb Code    24  stm32f4xx_tim.o(i.TIM_ARRPreloadConfig)
    TIM_BDTRConfig                           0x08001f39   Thumb Code    32  stm32f4xx_tim.o(i.TIM_BDTRConfig)
    TIM_CCPreloadControl                     0x08001f59   Thumb Code    24  stm32f4xx_tim.o(i.TIM_CCPreloadControl)
    TIM_ClearITPendingBit                    0x08001f71   Thumb Code     6  stm32f4xx_tim.o(i.TIM_ClearITPendingBit)
    TIM_Cmd                                  0x08001f77   Thumb Code    24  stm32f4xx_tim.o(i.TIM_Cmd)
    TIM_CtrlPWMOutputs                       0x08001f8f   Thumb Code    30  stm32f4xx_tim.o(i.TIM_CtrlPWMOutputs)
    TIM_DeInit                               0x08001fad   Thumb Code   346  stm32f4xx_tim.o(i.TIM_DeInit)
    TIM_ITConfig                             0x0800213d   Thumb Code    18  stm32f4xx_tim.o(i.TIM_ITConfig)
    TIM_OC1Init                              0x08002151   Thumb Code   114  stm32f4xx_tim.o(i.TIM_OC1Init)
    TIM_OC1PreloadConfig                     0x080021cd   Thumb Code    18  stm32f4xx_tim.o(i.TIM_OC1PreloadConfig)
    TIM_OC2Init                              0x080021e1   Thumb Code   154  stm32f4xx_tim.o(i.TIM_OC2Init)
    TIM_OC2PreloadConfig                     0x08002285   Thumb Code    26  stm32f4xx_tim.o(i.TIM_OC2PreloadConfig)
    TIM_OC3Init                              0x080022a1   Thumb Code   150  stm32f4xx_tim.o(i.TIM_OC3Init)
    TIM_OC3PreloadConfig                     0x08002341   Thumb Code    18  stm32f4xx_tim.o(i.TIM_OC3PreloadConfig)
    TIM_OC4Init                              0x08002355   Thumb Code   112  stm32f4xx_tim.o(i.TIM_OC4Init)
    TIM_OC4PreloadConfig                     0x080023cd   Thumb Code    26  stm32f4xx_tim.o(i.TIM_OC4PreloadConfig)
    TIM_SelectInputTrigger                   0x080023e7   Thumb Code    18  stm32f4xx_tim.o(i.TIM_SelectInputTrigger)
    TIM_SelectMasterSlaveMode                0x080023f9   Thumb Code    18  stm32f4xx_tim.o(i.TIM_SelectMasterSlaveMode)
    TIM_SelectOutputTrigger                  0x0800240b   Thumb Code    18  stm32f4xx_tim.o(i.TIM_SelectOutputTrigger)
    TIM_SelectSlaveMode                      0x0800241d   Thumb Code    18  stm32f4xx_tim.o(i.TIM_SelectSlaveMode)
    TIM_TimeBaseInit                         0x08002431   Thumb Code   104  stm32f4xx_tim.o(i.TIM_TimeBaseInit)
    Task_Init                                0x080024b5   Thumb Code    46  main.o(i.Task_Init)
    USART3_IRQHandler                        0x080024fd   Thumb Code     8  stm32f4xx_it.o(i.USART3_IRQHandler)
    USART_ClearFlag                          0x08002505   Thumb Code    18  stm32f4xx_usart.o(i.USART_ClearFlag)
    USART_ClearITPendingBit                  0x08002517   Thumb Code    30  stm32f4xx_usart.o(i.USART_ClearITPendingBit)
    USART_Cmd                                0x08002535   Thumb Code    24  stm32f4xx_usart.o(i.USART_Cmd)
    USART_DMACmd                             0x0800254d   Thumb Code    18  stm32f4xx_usart.o(i.USART_DMACmd)
    USART_GetFlagStatus                      0x0800255f   Thumb Code    26  stm32f4xx_usart.o(i.USART_GetFlagStatus)
    USART_GetITStatus                        0x08002579   Thumb Code    84  stm32f4xx_usart.o(i.USART_GetITStatus)
    USART_ITConfig                           0x080025cd   Thumb Code    74  stm32f4xx_usart.o(i.USART_ITConfig)
    USART_Init                               0x08002619   Thumb Code   204  stm32f4xx_usart.o(i.USART_Init)
    USART_ReceiveData                        0x080026ed   Thumb Code    10  stm32f4xx_usart.o(i.USART_ReceiveData)
    USART_SendData                           0x080026f7   Thumb Code     8  stm32f4xx_usart.o(i.USART_SendData)
    UsageFault_Handler                       0x080026ff   Thumb Code     4  stm32f4xx_it.o(i.UsageFault_Handler)
    __0printf                                0x08002705   Thumb Code    22  printfa.o(i.__0printf)
    __1printf                                0x08002705   Thumb Code     0  printfa.o(i.__0printf)
    __2printf                                0x08002705   Thumb Code     0  printfa.o(i.__0printf)
    __c89printf                              0x08002705   Thumb Code     0  printfa.o(i.__0printf)
    printf                                   0x08002705   Thumb Code     0  printfa.o(i.__0printf)
    __scatterload_copy                       0x0800272b   Thumb Code    14  handlers.o(i.__scatterload_copy)
    __scatterload_null                       0x08002739   Thumb Code     2  handlers.o(i.__scatterload_null)
    __scatterload_zeroinit                   0x0800273b   Thumb Code    14  handlers.o(i.__scatterload_zeroinit)
    _shell_init                              0x08002fdd   Thumb Code    72  nr_micro_shell.o(i._shell_init)
    ansi_clear_current_line                  0x08003049   Thumb Code    20  ansi.o(i.ansi_clear_current_line)
    ansi_get_char                            0x0800305d   Thumb Code   206  ansi.o(i.ansi_get_char)
    ansi_init                                0x0800313d   Thumb Code    30  ansi.o(i.ansi_init)
    ansi_search_char                         0x0800315b   Thumb Code    38  ansi.o(i.ansi_search_char)
    ansi_show_str                            0x08003181   Thumb Code    26  ansi_port.o(i.ansi_show_str)
    calculate_deadtime                       0x080031a1   Thumb Code   236  motor_utils.o(i.calculate_deadtime)
    configureTimerForRunTimeStats            0x080032ad   Thumb Code    14  freertos.o(i.configureTimerForRunTimeStats)
    fputc                                    0x080032c1   Thumb Code    32  bsp_usart.o(i.fputc)
    getRunTimeCounterValue                   0x080032e5   Thumb Code     6  freertos.o(i.getRunTimeCounterValue)
    main                                     0x080032f1   Thumb Code    58  main.o(i.main)
    nr_ansi_common_char_slover               0x08003355   Thumb Code   142  ansi_port.o(i.nr_ansi_common_char_slover)
    nr_ansi_ctrl_common_slover               0x080033f1   Thumb Code    32  ansi_port.o(i.nr_ansi_ctrl_common_slover)
    nr_ansi_in__                             0x08003415   Thumb Code    66  ansi_port.o(i.nr_ansi_in__)
    nr_ansi_in_backspace                     0x08003461   Thumb Code    66  ansi_port.o(i.nr_ansi_in_backspace)
    nr_ansi_in_down                          0x080034b1   Thumb Code   106  ansi_port.o(i.nr_ansi_in_down)
    nr_ansi_in_enter                         0x0800352d   Thumb Code    38  ansi_port.o(i.nr_ansi_in_enter)
    nr_ansi_in_left                          0x0800355d   Thumb Code    28  ansi_port.o(i.nr_ansi_in_left)
    nr_ansi_in_newline                       0x08003581   Thumb Code    30  ansi_port.o(i.nr_ansi_in_newline)
    nr_ansi_in_right                         0x080035a9   Thumb Code    32  ansi_port.o(i.nr_ansi_in_right)
    nr_ansi_in_tab                           0x080035d1   Thumb Code   146  ansi_port.o(i.nr_ansi_in_tab)
    nr_ansi_in_up                            0x0800367d   Thumb Code   104  ansi_port.o(i.nr_ansi_in_up)
    osDelay                                  0x080037a9   Thumb Code    30  cmsis_os2.o(i.osDelay)
    osKernelInitialize                       0x080037c9   Thumb Code    38  cmsis_os2.o(i.osKernelInitialize)
    osKernelStart                            0x080037f5   Thumb Code    82  cmsis_os2.o(i.osKernelStart)
    osMessageQueueGet                        0x08003855   Thumb Code   124  cmsis_os2.o(i.osMessageQueueGet)
    osMessageQueueNew                        0x080038d5   Thumb Code   154  cmsis_os2.o(i.osMessageQueueNew)
    osMessageQueuePut                        0x08003971   Thumb Code   128  cmsis_os2.o(i.osMessageQueuePut)
    osThreadNew                              0x080039f5   Thumb Code   184  cmsis_os2.o(i.osThreadNew)
    putc                                     0x080044dd   Thumb Code     4  putc.o(i.putc)
    pvPortMalloc                             0x080044e1   Thumb Code   316  heap_4.o(i.pvPortMalloc)
    pxPortInitialiseStack                    0x08004635   Thumb Code    38  port.o(i.pxPortInitialiseStack)
    shell_cmd_complete                       0x08004661   Thumb Code   112  nr_micro_shell.o(i.shell_cmd_complete)
    shell_his_copy_queue_item                0x080046d1   Thumb Code   176  nr_micro_shell.o(i.shell_his_copy_queue_item)
    shell_his_queue_add_cmd                  0x08004781   Thumb Code   232  nr_micro_shell.o(i.shell_his_queue_add_cmd)
    shell_his_queue_init                     0x08004869   Thumb Code    16  nr_micro_shell.o(i.shell_his_queue_init)
    shell_his_queue_search_cmd               0x08004879   Thumb Code   192  nr_micro_shell.o(i.shell_his_queue_search_cmd)
    shell_parser                             0x08004939   Thumb Code   230  nr_micro_shell.o(i.shell_parser)
    shell_search_cmd                         0x08004a5d   Thumb Code    64  nr_micro_shell.o(i.shell_search_cmd)
    uxListRemove                             0x08004a9d   Thumb Code    40  list.o(i.uxListRemove)
    vApplicationDaemonTaskStartupHook        0x08004ac5   Thumb Code     2  freertos.o(i.vApplicationDaemonTaskStartupHook)
    vApplicationGetIdleTaskMemory            0x08004ac9   Thumb Code    14  cmsis_os2.o(i.vApplicationGetIdleTaskMemory)
    vApplicationGetTimerTaskMemory           0x08004ae1   Thumb Code    16  cmsis_os2.o(i.vApplicationGetTimerTaskMemory)
    vApplicationIdleHook                     0x08004af9   Thumb Code     2  freertos.o(i.vApplicationIdleHook)
    vApplicationMallocFailedHook             0x08004afb   Thumb Code     2  freertos.o(i.vApplicationMallocFailedHook)
    vApplicationStackOverflowHook            0x08004afd   Thumb Code     2  freertos.o(i.vApplicationStackOverflowHook)
    vApplicationTickHook                     0x08004aff   Thumb Code     2  freertos.o(i.vApplicationTickHook)
    vListInitialise                          0x08004b01   Thumb Code    26  list.o(i.vListInitialise)
    vListInitialiseItem                      0x08004b1b   Thumb Code     6  list.o(i.vListInitialiseItem)
    vListInsert                              0x08004b21   Thumb Code    52  list.o(i.vListInsert)
    vListInsertEnd                           0x08004b55   Thumb Code    24  list.o(i.vListInsertEnd)
    vPortEnterCritical                       0x08004b6d   Thumb Code    76  port.o(i.vPortEnterCritical)
    vPortExitCritical                        0x08004bc1   Thumb Code    56  port.o(i.vPortExitCritical)
    vPortFree                                0x08004bfd   Thumb Code   150  heap_4.o(i.vPortFree)
    vPortSetupTimerInterrupt                 0x08004ca1   Thumb Code    36  port.o(i.vPortSetupTimerInterrupt)
    vPortValidateInterruptPriority           0x08004cc9   Thumb Code   106  port.o(i.vPortValidateInterruptPriority)
    vQueueAddToRegistry                      0x08004d41   Thumb Code    38  queue.o(i.vQueueAddToRegistry)
    vQueueWaitForMessageRestricted           0x08004d6d   Thumb Code    74  queue.o(i.vQueueWaitForMessageRestricted)
    vTaskDelay                               0x08004db9   Thumb Code    82  tasks.o(i.vTaskDelay)
    vTaskInternalSetTimeOutState             0x08004e15   Thumb Code    14  tasks.o(i.vTaskInternalSetTimeOutState)
    vTaskMissedYield                         0x08004e2d   Thumb Code     8  tasks.o(i.vTaskMissedYield)
    vTaskPlaceOnEventList                    0x08004e39   Thumb Code    52  tasks.o(i.vTaskPlaceOnEventList)
    vTaskPlaceOnEventListRestricted          0x08004e71   Thumb Code    60  tasks.o(i.vTaskPlaceOnEventListRestricted)
    vTaskStartScheduler                      0x08004eb1   Thumb Code   160  tasks.o(i.vTaskStartScheduler)
    vTaskSuspendAll                          0x08004f6d   Thumb Code    12  tasks.o(i.vTaskSuspendAll)
    vTaskSwitchContext                       0x08004f7d   Thumb Code   230  tasks.o(i.vTaskSwitchContext)
    xPortStartScheduler                      0x08005081   Thumb Code   330  port.o(i.xPortStartScheduler)
    xPortSysTickHandler                      0x080051e9   Thumb Code    46  port.o(i.xPortSysTickHandler)
    xQueueGenericCreate                      0x0800521d   Thumb Code    90  queue.o(i.xQueueGenericCreate)
    xQueueGenericCreateStatic                0x08005277   Thumb Code   224  queue.o(i.xQueueGenericCreateStatic)
    xQueueGenericReset                       0x08005359   Thumb Code   146  queue.o(i.xQueueGenericReset)
    xQueueGenericSend                        0x080053f1   Thumb Code   420  queue.o(i.xQueueGenericSend)
    xQueueGenericSendFromISR                 0x08005599   Thumb Code   252  queue.o(i.xQueueGenericSendFromISR)
    xQueueReceive                            0x08005695   Thumb Code   356  queue.o(i.xQueueReceive)
    xQueueReceiveFromISR                     0x080057fd   Thumb Code   202  queue.o(i.xQueueReceiveFromISR)
    xTaskCheckForTimeOut                     0x080058c9   Thumb Code   132  tasks.o(i.xTaskCheckForTimeOut)
    xTaskCreate                              0x08005955   Thumb Code   100  tasks.o(i.xTaskCreate)
    xTaskCreateStatic                        0x080059b9   Thumb Code   186  tasks.o(i.xTaskCreateStatic)
    xTaskGetSchedulerState                   0x08005a75   Thumb Code    24  tasks.o(i.xTaskGetSchedulerState)
    xTaskGetTickCount                        0x08005a95   Thumb Code     6  tasks.o(i.xTaskGetTickCount)
    xTaskIncrementTick                       0x08005aa1   Thumb Code   296  tasks.o(i.xTaskIncrementTick)
    xTaskPriorityDisinherit                  0x08005bf5   Thumb Code   152  tasks.o(i.xTaskPriorityDisinherit)
    xTaskRemoveFromEventList                 0x08005c99   Thumb Code   126  tasks.o(i.xTaskRemoveFromEventList)
    xTaskResumeAll                           0x08005d31   Thumb Code   222  tasks.o(i.xTaskResumeAll)
    xTimerCreateTimerTask                    0x08005e35   Thumb Code   100  timers.o(i.xTimerCreateTimerTask)
    xTimerGenericCommand                     0x08005ead   Thumb Code   128  timers.o(i.xTimerGenericCommand)
    taskInitAttr                             0x08005f30   Data          36  main.o(.constdata)
    taskCmdAttr                              0x08005f54   Data          36  command.o(.constdata)
    nr_ansi_in_cmd                           0x08005f78   Data          21  ansi.o(.constdata)
    nr_ansi_in_cmd_fun                       0x08005f90   Data          80  ansi.o(.constdata)
    nr_ansi_in_special_symbol                0x08005fe0   Data           5  ansi.o(.constdata)
    nr_ansi_in_special_symbol_fun            0x08005fe8   Data          16  ansi.o(.constdata)
    __ctype_table                            0x08005ff8   Data         129  ctype_o.o(.constdata)
    _nr_cmd_start_                           0x08006224   Data          20  nr_micro_shell.o(.rodata.nr_shell_cmd0.end)
    _nr_cmd_end_                             0x08006238   Data          20  nr_micro_shell.o(.rodata.nr_shell_cmd1.end)
    Region$$Table$$Base                      0x0800624c   Number         0  anon$$obj.o(Region$$Table)
    Region$$Table$$Limit                     0x0800626c   Number         0  anon$$obj.o(Region$$Table)
    SystemCoreClock                          0x20000000   Data           4  system_stm32f4xx.o(.data)
    AHBPrescTable                            0x20000004   Data          16  system_stm32f4xx.o(.data)
    ulRxLen                                  0x20000024   Data           4  bsp_usart.o(.data)
    queueCmdHandle                           0x20000028   Data           4  command.o(.data)
    pxCurrentTCB                             0x20000030   Data           4  tasks.o(.data)
    freeRTOSRunTimeTicks                     0x200000b4   Data           4  freertos.o(.data)
    nr_shell                                 0x200000bc   Data         308  nr_micro_shell.o(.data)
    __stdout                                 0x200001f4   Data           4  stdout.o(.data)
    ADC_Value                                0x20000458   Data          30  bsp_adc.o(.bss)
    ADC_curr_norm_value                      0x20000478   Data          24  bsp_adc.o(.bss)
    gucU3RxBuf                               0x20000490   Data         128  bsp_dma.o(.bss)
    motor1                                   0x20000510   Data         864  motor_param.o(.bss)
    motor2                                   0x20000870   Data         864  motor_param.o(.bss)
    motor                                    0x20000bd0   Data          12  motor_param.o(.bss)
    xQueueRegistry                           0x20000e3c   Data          64  queue.o(.bss)
    nr_ansi                                  0x20005718   Data         132  ansi.o(.bss)
    __initial_sp                             0x20005ba0   Data           0  startup_stm32f40xx.o(STACK)



==============================================================================

Memory Map of the image

  Image Entry point : 0x08000189

  Load Region LR_IROM1 (Base: 0x08000000, Size: 0x00006464, Max: 0x00100000, ABSOLUTE, COMPRESSED[0x00006298])

    Execution Region ER_IROM1 (Exec base: 0x08000000, Load base: 0x08000000, Size: 0x0000626c, Max: 0x00100000, ABSOLUTE)

    Exec Addr    Load Addr    Size         Type   Attr      Idx    E Section Name        Object

    0x08000000   0x08000000   0x00000188   Data   RO          453    RESET               startup_stm32f40xx.o
    0x08000188   0x08000188   0x00000000   Code   RO         9037  * .ARM.Collect$$$$00000000  mc_w.l(entry.o)
    0x08000188   0x08000188   0x00000004   Code   RO         9364    .ARM.Collect$$$$00000001  mc_w.l(entry2.o)
    0x0800018c   0x0800018c   0x00000004   Code   RO         9367    .ARM.Collect$$$$00000004  mc_w.l(entry5.o)
    0x08000190   0x08000190   0x00000000   Code   RO         9369    .ARM.Collect$$$$00000008  mc_w.l(entry7b.o)
    0x08000190   0x08000190   0x00000000   Code   RO         9371    .ARM.Collect$$$$0000000A  mc_w.l(entry8b.o)
    0x08000190   0x08000190   0x00000008   Code   RO         9372    .ARM.Collect$$$$0000000B  mc_w.l(entry9a.o)
    0x08000198   0x08000198   0x00000000   Code   RO         9374    .ARM.Collect$$$$0000000D  mc_w.l(entry10a.o)
    0x08000198   0x08000198   0x00000000   Code   RO         9376    .ARM.Collect$$$$0000000F  mc_w.l(entry11a.o)
    0x08000198   0x08000198   0x00000004   Code   RO         9365    .ARM.Collect$$$$00002712  mc_w.l(entry2.o)
    0x0800019c   0x0800019c   0x000000be   Code   RO         7577    .emb_text           port.o
    0x0800025a   0x0800025a   0x00000002   PAD
    0x0800025c   0x0800025c   0x00000024   Code   RO          454    .text               startup_stm32f40xx.o
    0x08000280   0x08000280   0x00000008   Code   RO         9043    .text               mc_w.l(ctype_o.o)
    0x08000288   0x08000288   0x00000024   Code   RO         9071    .text               mc_w.l(memcpya.o)
    0x080002ac   0x080002ac   0x00000024   Code   RO         9075    .text               mc_w.l(memseta.o)
    0x080002d0   0x080002d0   0x00000024   Code   RO         9077    .text               mc_w.l(strstr.o)
    0x080002f4   0x080002f4   0x0000000e   Code   RO         9083    .text               mc_w.l(strlen.o)
    0x08000302   0x08000302   0x0000001c   Code   RO         9085    .text               mc_w.l(strcmp.o)
    0x0800031e   0x0800031e   0x00000012   Code   RO         9089    .text               mc_w.l(strcpy.o)
    0x08000330   0x08000330   0x000000e4   Code   RO         9358    .text               mf_w.l(dmul.o)
    0x08000414   0x08000414   0x0000001a   Code   RO         9360    .text               mf_w.l(dfltui.o)
    0x0800042e   0x0800042e   0x00000038   Code   RO         9362    .text               mf_w.l(d2f.o)
    0x08000466   0x08000466   0x0000002c   Code   RO         9378    .text               mc_w.l(uidiv.o)
    0x08000492   0x08000492   0x00000062   Code   RO         9380    .text               mc_w.l(uldiv.o)
    0x080004f4   0x080004f4   0x00000000   Code   RO         9382    .text               mc_w.l(iusefp.o)
    0x080004f4   0x080004f4   0x0000006e   Code   RO         9383    .text               mf_w.l(fepilogue.o)
    0x08000562   0x08000562   0x000000ba   Code   RO         9385    .text               mf_w.l(depilogue.o)
    0x0800061c   0x0800061c   0x0000014e   Code   RO         9387    .text               mf_w.l(dadd.o)
    0x0800076a   0x0800076a   0x000000de   Code   RO         9389    .text               mf_w.l(ddiv.o)
    0x08000848   0x08000848   0x00000030   Code   RO         9391    .text               mf_w.l(dfixul.o)
    0x08000878   0x08000878   0x00000030   Code   RO         9393    .text               mf_w.l(cdrcmple.o)
    0x080008a8   0x080008a8   0x00000024   Code   RO         9395    .text               mc_w.l(init.o)
    0x080008cc   0x080008cc   0x0000001e   Code   RO         9397    .text               mc_w.l(llshl.o)
    0x080008ea   0x080008ea   0x00000020   Code   RO         9399    .text               mc_w.l(llushr.o)
    0x0800090a   0x0800090a   0x00000024   Code   RO         9401    .text               mc_w.l(llsshr.o)
    0x0800092e   0x0800092e   0x00000056   Code   RO         9411    .text               mc_w.l(__dczerorl2.o)
    0x08000984   0x08000984   0x0000000a   Code   RO          514    i.ADC_ClearITPendingBit  stm32f4xx_adc.o
    0x0800098e   0x0800098e   0x00000016   Code   RO          515    i.ADC_Cmd           stm32f4xx_adc.o
    0x080009a4   0x080009a4   0x00000030   Code   RO          516    i.ADC_CommonInit    stm32f4xx_adc.o
    0x080009d4   0x080009d4   0x00000014   Code   RO          329    i.ADC_IRQHandler    stm32f4xx_it.o
    0x080009e8   0x080009e8   0x00000054   Code   RO          535    i.ADC_Init          stm32f4xx_adc.o
    0x08000a3c   0x08000a3c   0x00000082   Code   RO          536    i.ADC_InjectedChannelConfig  stm32f4xx_adc.o
    0x08000abe   0x08000abe   0x00000002   PAD
    0x08000ac0   0x08000ac0   0x0000002c   Code   RO          539    i.ADC_MultiModeDMARequestAfterLastTransferCmd  stm32f4xx_adc.o
    0x08000aec   0x08000aec   0x000000b8   Code   RO          540    i.ADC_RegularChannelConfig  stm32f4xx_adc.o
    0x08000ba4   0x08000ba4   0x0000002c   Code   RO          545    i.ADC_TempSensorVrefintCmd  stm32f4xx_adc.o
    0x08000bd0   0x08000bd0   0x0000000c   Code   RO         5655    i.Bsp_Adc_Init      bsp_adc.o
    0x08000bdc   0x08000bdc   0x000000b0   Code   RO         5656    i.Bsp_Adc_Sample    bsp_adc.o
    0x08000c8c   0x08000c8c   0x00000130   Code   RO         5657    i.Bsp_Adc_SetChannels  bsp_adc.o
    0x08000dbc   0x08000dbc   0x00000090   Code   RO         5697    i.Bsp_Dma_AdcSample  bsp_dma.o
    0x08000e4c   0x08000e4c   0x00000044   Code   RO         5698    i.Bsp_Dma_Init      bsp_dma.o
    0x08000e90   0x08000e90   0x00000084   Code   RO         5699    i.Bsp_Dma_Usart3Rx  bsp_dma.o
    0x08000f14   0x08000f14   0x00000008   Code   RO         5760    i.Bsp_Gpio_Init     bsp_gpio.o
    0x08000f1c   0x08000f1c   0x0000004c   Code   RO         5761    i.Bsp_Gpio_Led      bsp_gpio.o
    0x08000f68   0x08000f68   0x00000074   Code   RO         5736    i.Bsp_Init          bsp.o
    0x08000fdc   0x08000fdc   0x0000007a   Code   RO         5524    i.Bsp_Rcu_Init      bsp_misc.o
    0x08001056   0x08001056   0x00000002   PAD
    0x08001058   0x08001058   0x00000094   Code   RO         5525    i.Bsp_Sys_Init      bsp_misc.o
    0x080010ec   0x080010ec   0x00000020   Code   RO         5576    i.Bsp_Tim3_IRQ      bsp_tim.o
    0x0800110c   0x0800110c   0x00000060   Code   RO         5578    i.Bsp_Tim3_RunCount  bsp_tim.o
    0x0800116c   0x0800116c   0x00000014   Code   RO         5579    i.Bsp_Tim_Init      bsp_tim.o
    0x08001180   0x08001180   0x00000128   Code   RO         5580    i.Bsp_Tim_Pwm1      bsp_tim.o
    0x080012a8   0x080012a8   0x0000002c   Code   RO         5584    i.Bsp_Tim_Trig      bsp_tim.o
    0x080012d4   0x080012d4   0x000000be   Code   RO         5585    i.Bsp_Tim_TrigAdc   bsp_tim.o
    0x08001392   0x08001392   0x00000002   PAD
    0x08001394   0x08001394   0x000000e8   Code   RO         5466    i.Bsp_Usart_DebugInit  bsp_usart.o
    0x0800147c   0x0800147c   0x00000080   Code   RO         5470    i.Bsp_Usart_U3Handler  bsp_usart.o
    0x080014fc   0x080014fc   0x00000004   Code   RO          330    i.BusFault_Handler  stm32f4xx_it.o
    0x08001500   0x08001500   0x000000a0   Code   RO         6050    i.Cmd_Task          command.o
    0x080015a0   0x080015a0   0x0000002c   Code   RO         6051    i.Command_Init      command.o
    0x080015cc   0x080015cc   0x00000028   Code   RO          331    i.DMA2_Stream4_IRQHandler  stm32f4xx_it.o
    0x080015f4   0x080015f4   0x00000034   Code   RO         1534    i.DMA_ClearFlag     stm32f4xx_dma.o
    0x08001628   0x08001628   0x00000034   Code   RO         1535    i.DMA_ClearITPendingBit  stm32f4xx_dma.o
    0x0800165c   0x0800165c   0x00000016   Code   RO         1536    i.DMA_Cmd           stm32f4xx_dma.o
    0x08001672   0x08001672   0x00000002   PAD
    0x08001674   0x08001674   0x00000158   Code   RO         1537    i.DMA_DeInit        stm32f4xx_dma.o
    0x080017cc   0x080017cc   0x00000014   Code   RO         1541    i.DMA_GetCmdStatus  stm32f4xx_dma.o
    0x080017e0   0x080017e0   0x00000008   Code   RO         1542    i.DMA_GetCurrDataCounter  stm32f4xx_dma.o
    0x080017e8   0x080017e8   0x0000003a   Code   RO         1547    i.DMA_ITConfig      stm32f4xx_dma.o
    0x08001822   0x08001822   0x00000002   PAD
    0x08001824   0x08001824   0x00000058   Code   RO         1548    i.DMA_Init          stm32f4xx_dma.o
    0x0800187c   0x0800187c   0x00000004   Code   RO         1551    i.DMA_SetCurrDataCounter  stm32f4xx_dma.o
    0x08001880   0x08001880   0x00000002   Code   RO          332    i.DebugMon_Handler  stm32f4xx_it.o
    0x08001882   0x08001882   0x00000090   Code   RO         2336    i.GPIO_Init         stm32f4xx_gpio.o
    0x08001912   0x08001912   0x00000046   Code   RO         2337    i.GPIO_PinAFConfig  stm32f4xx_gpio.o
    0x08001958   0x08001958   0x00000004   Code   RO          333    i.HardFault_Handler  stm32f4xx_it.o
    0x0800195c   0x0800195c   0x00000004   Code   RO          334    i.MemManage_Handler  stm32f4xx_it.o
    0x08001960   0x08001960   0x0000009c   Code   RO         5832    i.Motor_DmaInt      motor_it.o
    0x080019fc   0x080019fc   0x00000002   Code   RO          335    i.NMI_Handler       stm32f4xx_it.o
    0x080019fe   0x080019fe   0x00000002   PAD
    0x08001a00   0x08001a00   0x00000078   Code   RO          461    i.NVIC_Init         misc.o
    0x08001a78   0x08001a78   0x00000014   Code   RO          462    i.NVIC_PriorityGroupConfig  misc.o
    0x08001a8c   0x08001a8c   0x00000014   Code   RO          463    i.NVIC_SetVectorTable  misc.o
    0x08001aa0   0x08001aa0   0x00000020   Code   RO         3262    i.RCC_AHB1PeriphClockCmd  stm32f4xx_rcc.o
    0x08001ac0   0x08001ac0   0x00000020   Code   RO         3271    i.RCC_APB1PeriphClockCmd  stm32f4xx_rcc.o
    0x08001ae0   0x08001ae0   0x00000020   Code   RO         3273    i.RCC_APB1PeriphResetCmd  stm32f4xx_rcc.o
    0x08001b00   0x08001b00   0x00000020   Code   RO         3274    i.RCC_APB2PeriphClockCmd  stm32f4xx_rcc.o
    0x08001b20   0x08001b20   0x00000020   Code   RO         3276    i.RCC_APB2PeriphResetCmd  stm32f4xx_rcc.o
    0x08001b40   0x08001b40   0x00000064   Code   RO         3282    i.RCC_DeInit        stm32f4xx_rcc.o
    0x08001ba4   0x08001ba4   0x000000e8   Code   RO         3283    i.RCC_GetClocksFreq  stm32f4xx_rcc.o
    0x08001c8c   0x08001c8c   0x00000040   Code   RO         3284    i.RCC_GetFlagStatus  stm32f4xx_rcc.o
    0x08001ccc   0x08001ccc   0x00000010   Code   RO         3286    i.RCC_GetSYSCLKSource  stm32f4xx_rcc.o
    0x08001cdc   0x08001cdc   0x00000018   Code   RO         3287    i.RCC_HCLKConfig    stm32f4xx_rcc.o
    0x08001cf4   0x08001cf4   0x00000010   Code   RO         3288    i.RCC_HSEConfig     stm32f4xx_rcc.o
    0x08001d04   0x08001d04   0x00000018   Code   RO         3298    i.RCC_PCLK1Config   stm32f4xx_rcc.o
    0x08001d1c   0x08001d1c   0x00000018   Code   RO         3299    i.RCC_PCLK2Config   stm32f4xx_rcc.o
    0x08001d34   0x08001d34   0x0000000c   Code   RO         3300    i.RCC_PLLCmd        stm32f4xx_rcc.o
    0x08001d40   0x08001d40   0x00000024   Code   RO         3301    i.RCC_PLLConfig     stm32f4xx_rcc.o
    0x08001d64   0x08001d64   0x00000018   Code   RO         3312    i.RCC_SYSCLKConfig  stm32f4xx_rcc.o
    0x08001d7c   0x08001d7c   0x00000038   Code   RO         3314    i.RCC_WaitForHSEStartUp  stm32f4xx_rcc.o
    0x08001db4   0x08001db4   0x000000ec   Code   RO          413    i.SetSysClock       system_stm32f4xx.o
    0x08001ea0   0x08001ea0   0x00000010   Code   RO          336    i.SysTick_Handler   stm32f4xx_it.o
    0x08001eb0   0x08001eb0   0x00000068   Code   RO          415    i.SystemInit        system_stm32f4xx.o
    0x08001f18   0x08001f18   0x00000008   Code   RO          337    i.TIM3_IRQHandler   stm32f4xx_it.o
    0x08001f20   0x08001f20   0x00000018   Code   RO         4646    i.TIM_ARRPreloadConfig  stm32f4xx_tim.o
    0x08001f38   0x08001f38   0x00000020   Code   RO         4647    i.TIM_BDTRConfig    stm32f4xx_tim.o
    0x08001f58   0x08001f58   0x00000018   Code   RO         4649    i.TIM_CCPreloadControl  stm32f4xx_tim.o
    0x08001f70   0x08001f70   0x00000006   Code   RO         4653    i.TIM_ClearITPendingBit  stm32f4xx_tim.o
    0x08001f76   0x08001f76   0x00000018   Code   RO         4658    i.TIM_Cmd           stm32f4xx_tim.o
    0x08001f8e   0x08001f8e   0x0000001e   Code   RO         4660    i.TIM_CtrlPWMOutputs  stm32f4xx_tim.o
    0x08001fac   0x08001fac   0x00000190   Code   RO         4663    i.TIM_DeInit        stm32f4xx_tim.o
    0x0800213c   0x0800213c   0x00000012   Code   RO         4683    i.TIM_ITConfig      stm32f4xx_tim.o
    0x0800214e   0x0800214e   0x00000002   PAD
    0x08002150   0x08002150   0x0000007c   Code   RO         4687    i.TIM_OC1Init       stm32f4xx_tim.o
    0x080021cc   0x080021cc   0x00000012   Code   RO         4690    i.TIM_OC1PreloadConfig  stm32f4xx_tim.o
    0x080021de   0x080021de   0x00000002   PAD
    0x080021e0   0x080021e0   0x000000a4   Code   RO         4692    i.TIM_OC2Init       stm32f4xx_tim.o
    0x08002284   0x08002284   0x0000001a   Code   RO         4695    i.TIM_OC2PreloadConfig  stm32f4xx_tim.o
    0x0800229e   0x0800229e   0x00000002   PAD
    0x080022a0   0x080022a0   0x000000a0   Code   RO         4697    i.TIM_OC3Init       stm32f4xx_tim.o
    0x08002340   0x08002340   0x00000012   Code   RO         4700    i.TIM_OC3PreloadConfig  stm32f4xx_tim.o
    0x08002352   0x08002352   0x00000002   PAD
    0x08002354   0x08002354   0x00000078   Code   RO         4702    i.TIM_OC4Init       stm32f4xx_tim.o
    0x080023cc   0x080023cc   0x0000001a   Code   RO         4704    i.TIM_OC4PreloadConfig  stm32f4xx_tim.o
    0x080023e6   0x080023e6   0x00000012   Code   RO         4712    i.TIM_SelectInputTrigger  stm32f4xx_tim.o
    0x080023f8   0x080023f8   0x00000012   Code   RO         4713    i.TIM_SelectMasterSlaveMode  stm32f4xx_tim.o
    0x0800240a   0x0800240a   0x00000012   Code   RO         4716    i.TIM_SelectOutputTrigger  stm32f4xx_tim.o
    0x0800241c   0x0800241c   0x00000012   Code   RO         4717    i.TIM_SelectSlaveMode  stm32f4xx_tim.o
    0x0800242e   0x0800242e   0x00000002   PAD
    0x08002430   0x08002430   0x00000084   Code   RO         4730    i.TIM_TimeBaseInit  stm32f4xx_tim.o
    0x080024b4   0x080024b4   0x00000048   Code   RO            4    i.Task_Init         main.o
    0x080024fc   0x080024fc   0x00000008   Code   RO          338    i.USART3_IRQHandler  stm32f4xx_it.o
    0x08002504   0x08002504   0x00000012   Code   RO         5208    i.USART_ClearFlag   stm32f4xx_usart.o
    0x08002516   0x08002516   0x0000001e   Code   RO         5209    i.USART_ClearITPendingBit  stm32f4xx_usart.o
    0x08002534   0x08002534   0x00000018   Code   RO         5212    i.USART_Cmd         stm32f4xx_usart.o
    0x0800254c   0x0800254c   0x00000012   Code   RO         5213    i.USART_DMACmd      stm32f4xx_usart.o
    0x0800255e   0x0800255e   0x0000001a   Code   RO         5215    i.USART_GetFlagStatus  stm32f4xx_usart.o
    0x08002578   0x08002578   0x00000054   Code   RO         5216    i.USART_GetITStatus  stm32f4xx_usart.o
    0x080025cc   0x080025cc   0x0000004a   Code   RO         5218    i.USART_ITConfig    stm32f4xx_usart.o
    0x08002616   0x08002616   0x00000002   PAD
    0x08002618   0x08002618   0x000000d4   Code   RO         5219    i.USART_Init        stm32f4xx_usart.o
    0x080026ec   0x080026ec   0x0000000a   Code   RO         5226    i.USART_ReceiveData  stm32f4xx_usart.o
    0x080026f6   0x080026f6   0x00000008   Code   RO         5229    i.USART_SendData    stm32f4xx_usart.o
    0x080026fe   0x080026fe   0x00000004   Code   RO          339    i.UsageFault_Handler  stm32f4xx_it.o
    0x08002702   0x08002702   0x00000002   PAD
    0x08002704   0x08002704   0x00000020   Code   RO         9330    i.__0printf         mc_w.l(printfa.o)
    0x08002724   0x08002724   0x00000006   Code   RO         8098    i.__get_IPSR        cmsis_os2.o
    0x0800272a   0x0800272a   0x0000000e   Code   RO         9405    i.__scatterload_copy  mc_w.l(handlers.o)
    0x08002738   0x08002738   0x00000002   Code   RO         9406    i.__scatterload_null  mc_w.l(handlers.o)
    0x0800273a   0x0800273a   0x0000000e   Code   RO         9407    i.__scatterload_zeroinit  mc_w.l(handlers.o)
    0x08002748   0x08002748   0x00000164   Code   RO         9337    i._fp_digits        mc_w.l(printfa.o)
    0x080028ac   0x080028ac   0x000006dc   Code   RO         9338    i._printf_core      mc_w.l(printfa.o)
    0x08002f88   0x08002f88   0x00000024   Code   RO         9339    i._printf_post_padding  mc_w.l(printfa.o)
    0x08002fac   0x08002fac   0x0000002e   Code   RO         9340    i._printf_pre_padding  mc_w.l(printfa.o)
    0x08002fda   0x08002fda   0x00000002   PAD
    0x08002fdc   0x08002fdc   0x0000006c   Code   RO         8965    i._shell_init       nr_micro_shell.o
    0x08003048   0x08003048   0x00000014   Code   RO         8842    i.ansi_clear_current_line  ansi.o
    0x0800305c   0x0800305c   0x000000e0   Code   RO         8843    i.ansi_get_char     ansi.o
    0x0800313c   0x0800313c   0x0000001e   Code   RO         8844    i.ansi_init         ansi.o
    0x0800315a   0x0800315a   0x00000026   Code   RO         8845    i.ansi_search_char  ansi.o
    0x08003180   0x08003180   0x00000020   Code   RO         8883    i.ansi_show_str     ansi_port.o
    0x080031a0   0x080031a0   0x0000010c   Code   RO         5916    i.calculate_deadtime  motor_utils.o
    0x080032ac   0x080032ac   0x00000014   Code   RO         7657    i.configureTimerForRunTimeStats  freertos.o
    0x080032c0   0x080032c0   0x00000024   Code   RO         5471    i.fputc             bsp_usart.o
    0x080032e4   0x080032e4   0x0000000c   Code   RO         7658    i.getRunTimeCounterValue  freertos.o
    0x080032f0   0x080032f0   0x00000064   Code   RO            5    i.main              main.o
    0x08003354   0x08003354   0x0000009c   Code   RO         8884    i.nr_ansi_common_char_slover  ansi_port.o
    0x080033f0   0x080033f0   0x00000024   Code   RO         8885    i.nr_ansi_ctrl_common_slover  ansi_port.o
    0x08003414   0x08003414   0x0000004c   Code   RO         8886    i.nr_ansi_in__      ansi_port.o
    0x08003460   0x08003460   0x00000050   Code   RO         8887    i.nr_ansi_in_backspace  ansi_port.o
    0x080034b0   0x080034b0   0x0000007c   Code   RO         8888    i.nr_ansi_in_down   ansi_port.o
    0x0800352c   0x0800352c   0x00000030   Code   RO         8889    i.nr_ansi_in_enter  ansi_port.o
    0x0800355c   0x0800355c   0x00000024   Code   RO         8890    i.nr_ansi_in_left   ansi_port.o
    0x08003580   0x08003580   0x00000028   Code   RO         8891    i.nr_ansi_in_newline  ansi_port.o
    0x080035a8   0x080035a8   0x00000028   Code   RO         8892    i.nr_ansi_in_right  ansi_port.o
    0x080035d0   0x080035d0   0x000000ac   Code   RO         8893    i.nr_ansi_in_tab    ansi_port.o
    0x0800367c   0x0800367c   0x00000078   Code   RO         8894    i.nr_ansi_in_up     ansi_port.o
    0x080036f4   0x080036f4   0x000000b4   Code   RO         8966    i.nr_shell_strtok   nr_micro_shell.o
    0x080037a8   0x080037a8   0x0000001e   Code   RO         8099    i.osDelay           cmsis_os2.o
    0x080037c6   0x080037c6   0x00000002   PAD
    0x080037c8   0x080037c8   0x0000002c   Code   RO         8113    i.osKernelInitialize  cmsis_os2.o
    0x080037f4   0x080037f4   0x00000060   Code   RO         8116    i.osKernelStart     cmsis_os2.o
    0x08003854   0x08003854   0x00000080   Code   RO         8128    i.osMessageQueueGet  cmsis_os2.o
    0x080038d4   0x080038d4   0x0000009a   Code   RO         8133    i.osMessageQueueNew  cmsis_os2.o
    0x0800396e   0x0800396e   0x00000002   PAD
    0x08003970   0x08003970   0x00000084   Code   RO         8134    i.osMessageQueuePut  cmsis_os2.o
    0x080039f4   0x080039f4   0x000000b8   Code   RO         8158    i.osThreadNew       cmsis_os2.o
    0x08003aac   0x08003aac   0x0000007c   Code   RO         6950    i.prvAddCurrentTaskToDelayedList  tasks.o
    0x08003b28   0x08003b28   0x000000b8   Code   RO         6951    i.prvAddNewTaskToReadyList  tasks.o
    0x08003be0   0x08003be0   0x00000074   Code   RO         7347    i.prvCheckForValidListAndQueue  timers.o
    0x08003c54   0x08003c54   0x00000048   Code   RO         6952    i.prvCheckTasksWaitingTermination  tasks.o
    0x08003c9c   0x08003c9c   0x0000002a   Code   RO         6537    i.prvCopyDataFromQueue  queue.o
    0x08003cc6   0x08003cc6   0x0000007e   Code   RO         6538    i.prvCopyDataToQueue  queue.o
    0x08003d44   0x08003d44   0x00000050   Code   RO         6953    i.prvDeleteTCB      tasks.o
    0x08003d94   0x08003d94   0x00000028   Code   RO         7348    i.prvGetNextExpireTime  timers.o
    0x08003dbc   0x08003dbc   0x0000007c   Code   RO         7522    i.prvHeapInit       heap_4.o
    0x08003e38   0x08003e38   0x0000002c   Code   RO         6954    i.prvIdleTask       tasks.o
    0x08003e64   0x08003e64   0x0000002a   Code   RO         6541    i.prvInitialiseNewQueue  queue.o
    0x08003e8e   0x08003e8e   0x000000c0   Code   RO         6955    i.prvInitialiseNewTask  tasks.o
    0x08003f4e   0x08003f4e   0x00000002   PAD
    0x08003f50   0x08003f50   0x00000068   Code   RO         6956    i.prvInitialiseTaskLists  tasks.o
    0x08003fb8   0x08003fb8   0x00000068   Code   RO         7523    i.prvInsertBlockIntoFreeList  heap_4.o
    0x08004020   0x08004020   0x00000058   Code   RO         7350    i.prvInsertTimerInActiveList  timers.o
    0x08004078   0x08004078   0x0000001a   Code   RO         6542    i.prvIsQueueEmpty   queue.o
    0x08004092   0x08004092   0x0000001e   Code   RO         6543    i.prvIsQueueFull    queue.o
    0x080040b0   0x080040b0   0x00000074   Code   RO         7351    i.prvProcessExpiredTimer  timers.o
    0x08004124   0x08004124   0x00000164   Code   RO         7352    i.prvProcessReceivedCommands  timers.o
    0x08004288   0x08004288   0x00000074   Code   RO         7353    i.prvProcessTimerOrBlockTask  timers.o
    0x080042fc   0x080042fc   0x00000034   Code   RO         6958    i.prvResetNextTaskUnblockTime  tasks.o
    0x08004330   0x08004330   0x0000002c   Code   RO         7354    i.prvSampleTimeNow  timers.o
    0x0800435c   0x0800435c   0x000000a4   Code   RO         7355    i.prvSwitchTimerLists  timers.o
    0x08004400   0x08004400   0x00000040   Code   RO         7578    i.prvTaskExitError  port.o
    0x08004440   0x08004440   0x0000001e   Code   RO         7356    i.prvTimerTask      timers.o
    0x0800445e   0x0800445e   0x0000007e   Code   RO         6544    i.prvUnlockQueue    queue.o
    0x080044dc   0x080044dc   0x00000004   Code   RO         9040    i.putc              mc_w.l(putc.o)
    0x080044e0   0x080044e0   0x00000154   Code   RO         7524    i.pvPortMalloc      heap_4.o
    0x08004634   0x08004634   0x0000002c   Code   RO         7579    i.pxPortInitialiseStack  port.o
    0x08004660   0x08004660   0x00000070   Code   RO         8967    i.shell_cmd_complete  nr_micro_shell.o
    0x080046d0   0x080046d0   0x000000b0   Code   RO         8968    i.shell_his_copy_queue_item  nr_micro_shell.o
    0x08004780   0x08004780   0x000000e8   Code   RO         8969    i.shell_his_queue_add_cmd  nr_micro_shell.o
    0x08004868   0x08004868   0x00000010   Code   RO         8970    i.shell_his_queue_init  nr_micro_shell.o
    0x08004878   0x08004878   0x000000c0   Code   RO         8971    i.shell_his_queue_search_cmd  nr_micro_shell.o
    0x08004938   0x08004938   0x00000124   Code   RO         8972    i.shell_parser      nr_micro_shell.o
    0x08004a5c   0x08004a5c   0x00000040   Code   RO         8973    i.shell_search_cmd  nr_micro_shell.o
    0x08004a9c   0x08004a9c   0x00000028   Code   RO         6497    i.uxListRemove      list.o
    0x08004ac4   0x08004ac4   0x00000002   Code   RO         7659    i.vApplicationDaemonTaskStartupHook  freertos.o
    0x08004ac6   0x08004ac6   0x00000002   PAD
    0x08004ac8   0x08004ac8   0x00000018   Code   RO         8171    i.vApplicationGetIdleTaskMemory  cmsis_os2.o
    0x08004ae0   0x08004ae0   0x00000018   Code   RO         8172    i.vApplicationGetTimerTaskMemory  cmsis_os2.o
    0x08004af8   0x08004af8   0x00000002   Code   RO         7660    i.vApplicationIdleHook  freertos.o
    0x08004afa   0x08004afa   0x00000002   Code   RO         7661    i.vApplicationMallocFailedHook  freertos.o
    0x08004afc   0x08004afc   0x00000002   Code   RO         7662    i.vApplicationStackOverflowHook  freertos.o
    0x08004afe   0x08004afe   0x00000002   Code   RO         7663    i.vApplicationTickHook  freertos.o
    0x08004b00   0x08004b00   0x0000001a   Code   RO         6498    i.vListInitialise   list.o
    0x08004b1a   0x08004b1a   0x00000006   Code   RO         6499    i.vListInitialiseItem  list.o
    0x08004b20   0x08004b20   0x00000034   Code   RO         6500    i.vListInsert       list.o
    0x08004b54   0x08004b54   0x00000018   Code   RO         6501    i.vListInsertEnd    list.o
    0x08004b6c   0x08004b6c   0x00000054   Code   RO         7581    i.vPortEnterCritical  port.o
    0x08004bc0   0x08004bc0   0x0000003c   Code   RO         7582    i.vPortExitCritical  port.o
    0x08004bfc   0x08004bfc   0x000000a4   Code   RO         7525    i.vPortFree         heap_4.o
    0x08004ca0   0x08004ca0   0x00000028   Code   RO         7583    i.vPortSetupTimerInterrupt  port.o
    0x08004cc8   0x08004cc8   0x00000078   Code   RO         7584    i.vPortValidateInterruptPriority  port.o
    0x08004d40   0x08004d40   0x0000002c   Code   RO         6550    i.vQueueAddToRegistry  queue.o
    0x08004d6c   0x08004d6c   0x0000004a   Code   RO         6554    i.vQueueWaitForMessageRestricted  queue.o
    0x08004db6   0x08004db6   0x00000002   PAD
    0x08004db8   0x08004db8   0x0000005c   Code   RO         6972    i.vTaskDelay        tasks.o
    0x08004e14   0x08004e14   0x00000018   Code   RO         6978    i.vTaskInternalSetTimeOutState  tasks.o
    0x08004e2c   0x08004e2c   0x0000000c   Code   RO         6980    i.vTaskMissedYield  tasks.o
    0x08004e38   0x08004e38   0x00000038   Code   RO         6982    i.vTaskPlaceOnEventList  tasks.o
    0x08004e70   0x08004e70   0x00000040   Code   RO         6983    i.vTaskPlaceOnEventListRestricted  tasks.o
    0x08004eb0   0x08004eb0   0x000000bc   Code   RO         6991    i.vTaskStartScheduler  tasks.o
    0x08004f6c   0x08004f6c   0x00000010   Code   RO         6993    i.vTaskSuspendAll   tasks.o
    0x08004f7c   0x08004f7c   0x00000104   Code   RO         6994    i.vTaskSwitchContext  tasks.o
    0x08005080   0x08005080   0x00000168   Code   RO         7585    i.xPortStartScheduler  port.o
    0x080051e8   0x080051e8   0x00000034   Code   RO         7586    i.xPortSysTickHandler  port.o
    0x0800521c   0x0800521c   0x0000005a   Code   RO         6559    i.xQueueGenericCreate  queue.o
    0x08005276   0x08005276   0x000000e0   Code   RO         6560    i.xQueueGenericCreateStatic  queue.o
    0x08005356   0x08005356   0x00000002   PAD
    0x08005358   0x08005358   0x00000098   Code   RO         6561    i.xQueueGenericReset  queue.o
    0x080053f0   0x080053f0   0x000001a8   Code   RO         6562    i.xQueueGenericSend  queue.o
    0x08005598   0x08005598   0x000000fc   Code   RO         6563    i.xQueueGenericSendFromISR  queue.o
    0x08005694   0x08005694   0x00000168   Code   RO         6572    i.xQueueReceive     queue.o
    0x080057fc   0x080057fc   0x000000ca   Code   RO         6573    i.xQueueReceiveFromISR  queue.o
    0x080058c6   0x080058c6   0x00000002   PAD
    0x080058c8   0x080058c8   0x0000008c   Code   RO         6996    i.xTaskCheckForTimeOut  tasks.o
    0x08005954   0x08005954   0x00000064   Code   RO         6997    i.xTaskCreate       tasks.o
    0x080059b8   0x080059b8   0x000000ba   Code   RO         6998    i.xTaskCreateStatic  tasks.o
    0x08005a72   0x08005a72   0x00000002   PAD
    0x08005a74   0x08005a74   0x00000020   Code   RO         7002    i.xTaskGetSchedulerState  tasks.o
    0x08005a94   0x08005a94   0x0000000c   Code   RO         7003    i.xTaskGetTickCount  tasks.o
    0x08005aa0   0x08005aa0   0x00000154   Code   RO         7005    i.xTaskIncrementTick  tasks.o
    0x08005bf4   0x08005bf4   0x000000a4   Code   RO         7008    i.xTaskPriorityDisinherit  tasks.o
    0x08005c98   0x08005c98   0x00000098   Code   RO         7010    i.xTaskRemoveFromEventList  tasks.o
    0x08005d30   0x08005d30   0x00000104   Code   RO         7011    i.xTaskResumeAll    tasks.o
    0x08005e34   0x08005e34   0x00000078   Code   RO         7365    i.xTimerCreateTimerTask  timers.o
    0x08005eac   0x08005eac   0x00000084   Code   RO         7366    i.xTimerGenericCommand  timers.o
    0x08005f30   0x08005f30   0x00000024   Data   RO            7    .constdata          main.o
    0x08005f54   0x08005f54   0x00000024   Data   RO         6055    .constdata          command.o
    0x08005f78   0x08005f78   0x00000080   Data   RO         8847    .constdata          ansi.o
    0x08005ff8   0x08005ff8   0x00000081   Data   RO         9044    .constdata          mc_w.l(ctype_o.o)
    0x08006079   0x08006079   0x00000003   PAD
    0x0800607c   0x0800607c   0x00000004   Data   RO         9045    .constdata          mc_w.l(ctype_o.o)
    0x08006080   0x08006080   0x0000000a   Data   RO            8    .conststring        main.o
    0x0800608a   0x0800608a   0x00000002   PAD
    0x0800608c   0x0800608c   0x00000195   Data   RO         8974    .conststring        nr_micro_shell.o
    0x08006221   0x08006221   0x00000003   PAD
    0x08006224   0x08006224   0x00000014   Data   RO         8976    .rodata.nr_shell_cmd0.end  nr_micro_shell.o
    0x08006238   0x08006238   0x00000014   Data   RO         8977    .rodata.nr_shell_cmd1.end  nr_micro_shell.o
    0x0800624c   0x0800624c   0x00000020   Data   RO         9403    Region$$Table       anon$$obj.o


    Execution Region RW_IRAM1 (Exec base: 0x20000000, Load base: 0x0800626c, Size: 0x00005ba0, Max: 0x00020000, ABSOLUTE, COMPRESSED[0x0000002c])

    Exec Addr    Load Addr    Size         Type   Attr      Idx    E Section Name        Object

    0x20000000   COMPRESSED   0x00000014   Data   RW          416    .data               system_stm32f4xx.o
    0x20000014   COMPRESSED   0x00000010   Data   RW         3315    .data               stm32f4xx_rcc.o
    0x20000024   COMPRESSED   0x00000004   Data   RW         5472    .data               bsp_usart.o
    0x20000028   COMPRESSED   0x00000008   Data   RW         6057    .data               command.o
    0x20000030   COMPRESSED   0x00000044   Data   RW         7014    .data               tasks.o
    0x20000074   COMPRESSED   0x00000014   Data   RW         7374    .data               timers.o
    0x20000088   COMPRESSED   0x00000020   Data   RW         7531    .data               heap_4.o
    0x200000a8   COMPRESSED   0x0000000c   Data   RW         7587    .data               port.o
    0x200000b4   COMPRESSED   0x00000004   Data   RW         7664    .data               freertos.o
    0x200000b8   COMPRESSED   0x00000004   Data   RW         8178    .data               cmsis_os2.o
    0x200000bc   COMPRESSED   0x00000138   Data   RW         8975    .data               nr_micro_shell.o
    0x200001f4   COMPRESSED   0x00000004   Data   RW         9042    .data               mc_w.l(stdout.o)
    0x200001f8        -       0x00000260   Zero   RW            6    .bss                main.o
    0x20000458        -       0x00000038   Zero   RW         5658    .bss                bsp_adc.o
    0x20000490        -       0x00000080   Zero   RW         5700    .bss                bsp_dma.o
    0x20000510        -       0x000006cc   Zero   RW         6026    .bss                motor_param.o
    0x20000bdc        -       0x00000260   Zero   RW         6054    .bss                command.o
    0x20000e3c        -       0x00000040   Zero   RW         6576    .bss                queue.o
    0x20000e7c        -       0x000004c4   Zero   RW         7013    .bss                tasks.o
    0x20001340        -       0x00000118   Zero   RW         7373    .bss                timers.o
    0x20001458        -       0x00003c00   Zero   RW         7530    .bss                heap_4.o
    0x20005058        -       0x000006c0   Zero   RW         8177    .bss                cmsis_os2.o
    0x20005718        -       0x00000084   Zero   RW         8846    .bss                ansi.o
    0x2000579c   COMPRESSED   0x00000004   PAD
    0x200057a0        -       0x00000400   Zero   RW          451    STACK               startup_stm32f40xx.o


==============================================================================

Image component sizes


      Code (inc. data)   RO Data    RW Data    ZI Data      Debug   Object Name

       312         18        128          0        132       3925   ansi.o
       960        144          0          0          0       8120   ansi_port.o
       116         36          0          0          0        519   bsp.o
       492         30          0          0         56       2494   bsp_adc.o
       344         54          0          0        128       2475   bsp_dma.o
        84          4          0          0          0       1067   bsp_gpio.o
       270         12          0          0          0      27773   bsp_misc.o
       678         36          0          0          0       3678   bsp_tim.o
       396         34          0          4          0       2238   bsp_usart.o
       822         46          0          4       1728      41401   cmsis_os2.o
       204         68         36          8        608       1944   command.o
         0          0          0          0          0      19140   event_groups.o
        42         12          0          4          0       3773   freertos.o
       732         72          0         32      15360       4855   heap_4.o
       148          0          0          0          0       3570   list.o
       172         68         46          0        608     381080   main.o
       160         32          0          0          0       2509   misc.o
       156         18          0          0          0       1103   motor_it.o
         0          0          0          0       1740       4270   motor_param.o
       268         32          0          0          0        705   motor_utils.o
      1372        102        445        312          0      10862   nr_micro_shell.o
      1014         92          0         12          0      11621   port.o
      2214         20          0          0         64      19189   queue.o
        36          8        392          0       1024        940   startup_stm32f40xx.o
       566         44          0          0          0       7034   stm32f4xx_adc.o
       648         54          0          0          0       7534   stm32f4xx_dma.o
       214          0          0          0          0       2103   stm32f4xx_gpio.o
       112         18          0          0          0       5332   stm32f4xx_it.o
       788        114          0         16          0      13509   stm32f4xx_rcc.o
      1418        120          0          0          0      15262   stm32f4xx_tim.o
       504          8          0          0          0       8112   stm32f4xx_usart.o
         0          0          0          0          0       9280   stream_buffer.o
       340         32          0         20          0       1977   system_stm32f4xx.o
      2950        354          0         68       1220      26906   tasks.o
      1322        124          0         20        280      29763   timers.o

    ----------------------------------------------------------------------
     19898       1806       1084        500      22952     686063   Object Totals
         0          0         32          0          0          0   (incl. Generated)
        44          0          5          0          4          0   (incl. Padding)

    ----------------------------------------------------------------------

      Code (inc. data)   RO Data    RW Data    ZI Data      Debug   Library Member Name

        86          0          0          0          0          0   __dczerorl2.o
         8          4        133          0          0         68   ctype_o.o
         0          0          0          0          0          0   entry.o
         0          0          0          0          0          0   entry10a.o
         0          0          0          0          0          0   entry11a.o
         8          4          0          0          0          0   entry2.o
         4          0          0          0          0          0   entry5.o
         0          0          0          0          0          0   entry7b.o
         0          0          0          0          0          0   entry8b.o
         8          4          0          0          0          0   entry9a.o
        30          0          0          0          0          0   handlers.o
        36          8          0          0          0         68   init.o
         0          0          0          0          0          0   iusefp.o
        30          0          0          0          0         68   llshl.o
        36          0          0          0          0         68   llsshr.o
        32          0          0          0          0         68   llushr.o
        36          0          0          0          0         68   memcpya.o
        36          0          0          0          0        108   memseta.o
      2226         90          0          0          0        444   printfa.o
         4          0          0          0          0         68   putc.o
         0          0          0          4          0          0   stdout.o
        28          0          0          0          0         76   strcmp.o
        18          0          0          0          0         68   strcpy.o
        14          0          0          0          0         68   strlen.o
        36          0          0          0          0         80   strstr.o
        44          0          0          0          0         80   uidiv.o
        98          0          0          0          0         92   uldiv.o
        48          0          0          0          0         68   cdrcmple.o
        56          0          0          0          0         88   d2f.o
       334          0          0          0          0        148   dadd.o
       222          0          0          0          0        100   ddiv.o
       186          0          0          0          0        176   depilogue.o
        48          0          0          0          0         68   dfixul.o
        26          0          0          0          0         76   dfltui.o
       228          0          0          0          0         96   dmul.o
       110          0          0          0          0        168   fepilogue.o

    ----------------------------------------------------------------------
      4078        110        136          4          0       2480   Library Totals
         2          0          3          0          0          0   (incl. Padding)

    ----------------------------------------------------------------------

      Code (inc. data)   RO Data    RW Data    ZI Data      Debug   Library Name

      2818        110        133          4          0       1492   mc_w.l
      1258          0          0          0          0        988   mf_w.l

    ----------------------------------------------------------------------
      4078        110        136          4          0       2480   Library Totals

    ----------------------------------------------------------------------

==============================================================================


      Code (inc. data)   RO Data    RW Data    ZI Data      Debug   

     23976       1916       1220        504      22952     666279   Grand Totals
     23976       1916       1220         44      22952     666279   ELF Image Totals (compressed)
     23976       1916       1220         44          0          0   ROM Totals

==============================================================================

    Total RO  Size (Code + RO Data)                25196 (  24.61kB)
    Total RW  Size (RW Data + ZI Data)             23456 (  22.91kB)
    Total ROM Size (Code + RO Data + RW Data)      25240 (  24.65kB)

==============================================================================

